Archive member included because of file (symbol)

lib_bootstrap/libbootstrap.a(bootstrap_board.o)
                              cpu/mips/start_bootstrap.o (bootstrap_board_init_r)
lib_bootstrap/libbootstrap.a(string.o)
                              lib_bootstrap/libbootstrap.a(bootstrap_board.o) (memset)
lib_bootstrap/libbootstrap.a(crc32.o)
                              lib_bootstrap/libbootstrap.a(bootstrap_board.o) (crc32)
lib_bootstrap/libbootstrap.a(LzmaWrapper.o)
                              lib_bootstrap/libbootstrap.a(bootstrap_board.o) (lzma_inflate)
lib_bootstrap/libbootstrap.a(time.o)
                              lib_bootstrap/libbootstrap.a(bootstrap_board.o) (timer_init)
lib_bootstrap/libbootstrap.a(LzmaDecode.o)
                              lib_bootstrap/libbootstrap.a(LzmaWrapper.o) (LzmaDecodeProperties)
board/ar7240/ap121/libap121.a(ap121.o)
                              lib_bootstrap/libbootstrap.a(bootstrap_board.o) (initdram)
board/ar7240/ap121/libap121.a(lowlevel_init.o)
                              cpu/mips/start_bootstrap.o (lowlevel_init)
board/ar7240/ap121/libap121.a(hornet_pll_init.o)
                              board/ar7240/ap121/libap121.a(lowlevel_init.o) (hornet_pll_init)
cpu/mips/libmips.a(interrupts.o)
                              lib_bootstrap/libbootstrap.a(bootstrap_board.o) (disable_interrupts)
cpu/mips/libmips.a(cache.o)   cpu/mips/start_bootstrap.o (simple_mips_cache_reset)
cpu/mips/ar7240/libar7240.a(meminit.o)
                              board/ar7240/ap121/libap121.a(ap121.o) (ar7240_ddr_find_size)
cpu/mips/ar7240/libar7240.a(hornet_serial.o)
                              lib_bootstrap/libbootstrap.a(bootstrap_board.o) (serial_init)
cpu/mips/ar7240/libar7240.a(hornet_ddr_init.o)
                              cpu/mips/start_bootstrap.o (hornet_ddr_init)

Allocating common symbols
Common symbol       size              file

monitor_flash_len   0x4               lib_bootstrap/libbootstrap.a(bootstrap_board.o)
___strtok           0x4               lib_bootstrap/libbootstrap.a(string.o)

Discarded input sections

 .reginfo       0x0000000000000000        0x0 lib_bootstrap/libbootstrap.a(bootstrap_board.o)
 .reginfo       0x0000000000000000        0x0 lib_bootstrap/libbootstrap.a(string.o)
 .reginfo       0x0000000000000000        0x0 lib_bootstrap/libbootstrap.a(crc32.o)
 .reginfo       0x0000000000000000        0x0 lib_bootstrap/libbootstrap.a(LzmaWrapper.o)
 .reginfo       0x0000000000000000        0x0 lib_bootstrap/libbootstrap.a(time.o)
 .reginfo       0x0000000000000000        0x0 lib_bootstrap/libbootstrap.a(LzmaDecode.o)
 .reginfo       0x0000000000000000        0x0 board/ar7240/ap121/libap121.a(ap121.o)
 .reginfo       0x0000000000000000        0x0 board/ar7240/ap121/libap121.a(lowlevel_init.o)
 .reginfo       0x0000000000000000        0x0 board/ar7240/ap121/libap121.a(hornet_pll_init.o)
 .reginfo       0x0000000000000000        0x0 cpu/mips/libmips.a(interrupts.o)
 .reginfo       0x0000000000000000        0x0 cpu/mips/libmips.a(cache.o)
 .reginfo       0x0000000000000000        0x0 cpu/mips/ar7240/libar7240.a(meminit.o)
 .reginfo       0x0000000000000000        0x0 cpu/mips/ar7240/libar7240.a(hornet_serial.o)
 .reginfo       0x0000000000000000        0x0 cpu/mips/ar7240/libar7240.a(hornet_ddr_init.o)

Memory Configuration

Name             Origin             Length             Attributes
*default*        0x0000000000000000 0xffffffffffffffff

Linker script and memory map

                0x0000000000000000                . = 0x0
                0x0000000000000000                . = ALIGN (0x4)

.text           0x000000009f000000     0x3540
 *(.text)
 .text          0x000000009f000000      0x660 cpu/mips/start_bootstrap.o
                0x000000009f000000                _start_bootstrap
                0x000000009f000588                bootstrap_relocate_code
 .text          0x000000009f000660      0x350 lib_bootstrap/libbootstrap.a(bootstrap_board.o)
                0x000000009f000704                hang
                0x000000009f000660                malloc
                0x000000009f0006a0                realloc
                0x000000009f0006b0                sbrk
                0x000000009f000880                bootstrap_board_init_f
                0x000000009f000758                bootstrap_board_init_r
                0x000000009f0006a8                free
 .text          0x000000009f0009b0      0x5a0 lib_bootstrap/libbootstrap.a(string.o)
                0x000000009f000d48                memmove
                0x000000009f000d1c                memcpy
                0x000000009f000ca8                strswab
                0x000000009f000aec                strnlen
                0x000000009f000a78                strrchr
                0x000000009f0009b0                strcat
                0x000000009f000ea0                memchr
                0x000000009f000de4                strstr
                0x000000009f000b88                strtok
                0x000000009f000dac                memcmp
                0x000000009f0009dc                strncat
                0x000000009f000ecc                strdup
                0x000000009f000cf8                memset
                0x000000009f000c44                strsep
                0x000000009f000b14                strspn
                0x000000009f000a60                strlen
                0x000000009f000a30                strchr
                0x000000009f000b50                strpbrk
 .text          0x000000009f000f50      0x190 lib_bootstrap/libbootstrap.a(crc32.o)
                0x000000009f000f50                crc32
 .text          0x000000009f0010e0      0x260 lib_bootstrap/libbootstrap.a(LzmaWrapper.o)
                0x000000009f0010e0                lzma_inflate
 .text          0x000000009f001340       0xb0 lib_bootstrap/libbootstrap.a(time.o)
                0x000000009f001370                set_timer
                0x000000009f001354                reset_timer
                0x000000009f0013e4                get_tbclk
                0x000000009f001364                get_timer
                0x000000009f001340                timer_init
                0x000000009f00137c                udelay
                0x000000009f0013d8                get_ticks
 .text          0x000000009f0013f0      0xa90 lib_bootstrap/libbootstrap.a(LzmaDecode.o)
                0x000000009f0013f0                LzmaDecodeProperties
                0x000000009f001468                LzmaDecode
 .text          0x000000009f001e80      0x2e0 board/ar7240/ap121/libap121.a(ap121.o)
                0x000000009f001e80                ar7240_usb_initial_config
                0x000000009f0020b4                ar7240_mem_config
                0x000000009f001f6c                ar7240_all_led_off
                0x000000009f001ea8                ar7240_usb_otp_config
                0x000000009f002064                ar7240_gpio_sw_led
                0x000000009f002084                checkboard
                0x000000009f001f38                ar7240_all_led_on
                0x000000009f001fc0                ar7240_gpio_config
                0x000000009f002140                initdram
 .text          0x000000009f002160       0x20 board/ar7240/ap121/libap121.a(lowlevel_init.o)
                0x000000009f002160                lowlevel_init
 .text          0x000000009f002180      0x5b0 board/ar7240/ap121/libap121.a(hornet_pll_init.o)
                0x000000009f002180                hornet_pll_init
 .text          0x000000009f002730       0x10 cpu/mips/libmips.a(interrupts.o)
                0x000000009f002738                disable_interrupts
                0x000000009f002730                enable_interrupts
 .text          0x000000009f002740      0x360 cpu/mips/libmips.a(cache.o)
                0x000000009f0029a8                dcache_flush_range
                0x000000009f002788                mips_cache_reset
                0x000000009f00294c                mips_cache_lock
                0x000000009f002740                simple_mips_cache_reset
                0x000000009f002a24                mips_icache_flush_ix
                0x000000009f002a54                mips_cache_lock_24k
                0x000000009f0029d0                mips_cache_flush
                0x000000009f002920                dcache_status
                0x000000009f002930                dcache_disable
 .text          0x000000009f002aa0      0x280 cpu/mips/ar7240/libar7240.a(meminit.o)
                0x000000009f002b14                ar7240_ddr_initial_config
                0x000000009f002ad0                ar7240_ddr_find_size
                0x000000009f002aa0                ar7240_ddr_tap_set
 .text          0x000000009f002d20      0x2d0 cpu/mips/ar7240/libar7240.a(hornet_serial.o)
                0x000000009f002f8c                serial_setbrg
                0x000000009f002f00                serial_tstc
                0x000000009f002f38                serial_putc
                0x000000009f002d20                ar7240_sys_frequency
                0x000000009f002e44                serial_init
                0x000000009f002f94                serial_puts
                0x000000009f002f10                serial_getc
 .text          0x000000009f002ff0      0x550 cpu/mips/ar7240/libar7240.a(hornet_ddr_init.o)
                0x000000009f0030e0                hornet_ddr_tap_init
                0x000000009f002ff0                hornet_ddr_init
                0x000000009f003540                . = ALIGN (0x4)

.rodata         0x000000009f003540      0x430
 *(.rodata)
 .rodata        0x000000009f003540       0x30 lib_bootstrap/libbootstrap.a(bootstrap_board.o)
                0x000000009f003540                version_string
 .rodata        0x000000009f003570      0x400 lib_bootstrap/libbootstrap.a(crc32.o)

.reginfo        0x000000009f003970       0x18
 .reginfo       0x000000009f003970       0x18 cpu/mips/start_bootstrap.o

.rodata.str1.4  0x000000009f003988       0x18
 .rodata.str1.4
                0x000000009f003988       0x18 board/ar7240/ap121/libap121.a(ap121.o)

.rel.dyn        0x000000009f0039a0        0x0
 .rel.dyn       0x0000000000000000        0x0 cpu/mips/start_bootstrap.o
                0x000000009f0039a0                . = ALIGN (0x4)

.data           0x000000009f0039a0       0x20
 *(.data)
 .data          0x000000009f0039a0        0x0 cpu/mips/start_bootstrap.o
 .data          0x000000009f0039a0        0x0 lib_bootstrap/libbootstrap.a(bootstrap_board.o)
 .data          0x000000009f0039a0        0x0 lib_bootstrap/libbootstrap.a(string.o)
 .data          0x000000009f0039a0        0x0 lib_bootstrap/libbootstrap.a(crc32.o)
 .data          0x000000009f0039a0        0x0 lib_bootstrap/libbootstrap.a(LzmaWrapper.o)
 .data          0x000000009f0039a0        0x0 lib_bootstrap/libbootstrap.a(time.o)
 .data          0x000000009f0039a0        0x0 lib_bootstrap/libbootstrap.a(LzmaDecode.o)
 .data          0x000000009f0039a0        0x0 board/ar7240/ap121/libap121.a(ap121.o)
 .data          0x000000009f0039a0        0x0 board/ar7240/ap121/libap121.a(lowlevel_init.o)
 .data          0x000000009f0039a0        0x0 board/ar7240/ap121/libap121.a(hornet_pll_init.o)
 .data          0x000000009f0039a0        0x0 cpu/mips/libmips.a(interrupts.o)
 .data          0x000000009f0039a0        0x0 cpu/mips/libmips.a(cache.o)
 .data          0x000000009f0039a0       0x20 cpu/mips/ar7240/libar7240.a(meminit.o)
                0x000000009f0039a0                tap_settings
                0x000000009f0039ac                tap_pattern
 .data          0x000000009f0039c0        0x0 cpu/mips/ar7240/libar7240.a(hornet_serial.o)
 .data          0x000000009f0039c0        0x0 cpu/mips/ar7240/libar7240.a(hornet_ddr_init.o)

.got.plt        0x000000009f0039c0        0x0
 .got.plt       0x0000000000000000        0x0 cpu/mips/start_bootstrap.o

.data.rel       0x000000009f0039c0       0x10
 .data.rel      0x000000009f0039c0       0x10 lib_bootstrap/libbootstrap.a(bootstrap_board.o)
                0x000000009f0039c0                init_sequence
                0x000000009f0039d0                . = ALIGN (0x4)

.sdata
 *(.sdata)
 *(.sdata)
                0x000000009f0039d0                _gp = ALIGN (0x10)
                0x000000009f0039d0                __got_start_bootstrap = .

.got            0x000000009f0039d0       0xb0
 *(.got)
 .got           0x000000009f0039d0       0xb0 cpu/mips/start_bootstrap.o
                0x000000009f0039d0                _GLOBAL_OFFSET_TABLE_
                0x000000009f003a80                __got_end_bootstrap = .
                0x000000009f003a80                uboot_end_data_bootstrap = .
                0x000000000000002c                num_got_entries = ((__got_end_bootstrap - __got_start_bootstrap) >> 0x2)
                0x000000009f003a80                . = ALIGN (0x4)

.sbss
 *(.sbss)

.bss            0x000000009f003a80       0x20
 *(.bss)
 .bss           0x000000009f003a80        0x0 cpu/mips/start_bootstrap.o
 .bss           0x000000009f003a80       0x10 lib_bootstrap/libbootstrap.a(bootstrap_board.o)
 .bss           0x000000009f003a90        0x0 lib_bootstrap/libbootstrap.a(string.o)
 .bss           0x000000009f003a90        0x0 lib_bootstrap/libbootstrap.a(crc32.o)
 .bss           0x000000009f003a90       0x10 lib_bootstrap/libbootstrap.a(LzmaWrapper.o)
 .bss           0x000000009f003aa0        0x0 lib_bootstrap/libbootstrap.a(time.o)
 .bss           0x000000009f003aa0        0x0 lib_bootstrap/libbootstrap.a(LzmaDecode.o)
 .bss           0x000000009f003aa0        0x0 board/ar7240/ap121/libap121.a(ap121.o)
 .bss           0x000000009f003aa0        0x0 board/ar7240/ap121/libap121.a(lowlevel_init.o)
 .bss           0x000000009f003aa0        0x0 board/ar7240/ap121/libap121.a(hornet_pll_init.o)
 .bss           0x000000009f003aa0        0x0 cpu/mips/libmips.a(interrupts.o)
 .bss           0x000000009f003aa0        0x0 cpu/mips/libmips.a(cache.o)
 .bss           0x000000009f003aa0        0x0 cpu/mips/ar7240/libar7240.a(meminit.o)
 .bss           0x000000009f003aa0        0x0 cpu/mips/ar7240/libar7240.a(hornet_serial.o)
 .bss           0x000000009f003aa0        0x0 cpu/mips/ar7240/libar7240.a(hornet_ddr_init.o)
                0x000000009f003aa0                uboot_end_bootstrap = .
Address of section .text set to 0x9f000000
LOAD cpu/mips/start_bootstrap.o
START GROUP
LOAD lib_bootstrap/libbootstrap.a
LOAD board/ar7240/ap121/libap121.a
LOAD cpu/mips/libmips.a
LOAD cpu/mips/ar7240/libar7240.a
END GROUP
LOAD /home/project/svn/TL-MR3020_V1_GPL/build/gcc-4.3.3/build_mips/staging_dir/usr/bin/../lib/gcc/mips-linux-uclibc/4.3.3/libgcc.a
OUTPUT(bootstrap elf32-tradbigmips)

.scommon        0x000000009f003aa0        0x8
 .scommon       0x000000009f003aa0        0x4 lib_bootstrap/libbootstrap.a(bootstrap_board.o)
                0x000000009f003aa0                monitor_flash_len
 .scommon       0x000000009f003aa4        0x4 lib_bootstrap/libbootstrap.a(string.o)
                0x000000009f003aa4                ___strtok

.pdr            0x0000000000000000      0x8a0
 .pdr           0x0000000000000000       0x20 cpu/mips/start_bootstrap.o
 .pdr           0x0000000000000020      0x100 lib_bootstrap/libbootstrap.a(bootstrap_board.o)
 .pdr           0x0000000000000120      0x240 lib_bootstrap/libbootstrap.a(string.o)
 .pdr           0x0000000000000360       0x20 lib_bootstrap/libbootstrap.a(crc32.o)
 .pdr           0x0000000000000380       0x20 lib_bootstrap/libbootstrap.a(LzmaWrapper.o)
 .pdr           0x00000000000003a0       0xe0 lib_bootstrap/libbootstrap.a(time.o)
 .pdr           0x0000000000000480       0x40 lib_bootstrap/libbootstrap.a(LzmaDecode.o)
 .pdr           0x00000000000004c0      0x120 board/ar7240/ap121/libap121.a(ap121.o)
 .pdr           0x00000000000005e0        0x0 board/ar7240/ap121/libap121.a(lowlevel_init.o)
 .pdr           0x00000000000005e0        0x0 board/ar7240/ap121/libap121.a(hornet_pll_init.o)
 .pdr           0x00000000000005e0       0x40 cpu/mips/libmips.a(interrupts.o)
 .pdr           0x0000000000000620      0x120 cpu/mips/libmips.a(cache.o)
 .pdr           0x0000000000000740       0x60 cpu/mips/ar7240/libar7240.a(meminit.o)
 .pdr           0x00000000000007a0       0xe0 cpu/mips/ar7240/libar7240.a(hornet_serial.o)
 .pdr           0x0000000000000880       0x20 cpu/mips/ar7240/libar7240.a(hornet_ddr_init.o)

.stab           0x0000000000000000     0x29c4
 .stab          0x0000000000000000      0xc90 cpu/mips/start_bootstrap.o
 .stab          0x0000000000000c90       0x3c board/ar7240/ap121/libap121.a(lowlevel_init.o)
                                         0x48 (size before relaxing)
 .stab          0x0000000000000ccc      0xa50 board/ar7240/ap121/libap121.a(hornet_pll_init.o)
                                        0xa5c (size before relaxing)
 .stab          0x000000000000171c      0x6a8 cpu/mips/libmips.a(cache.o)
                                        0x6b4 (size before relaxing)
 .stab          0x0000000000001dc4      0xc00 cpu/mips/ar7240/libar7240.a(hornet_ddr_init.o)
                                        0xc0c (size before relaxing)

.stabstr        0x0000000000000000      0x2b5
 .stabstr       0x0000000000000000      0x2b5 cpu/mips/start_bootstrap.o

.mdebug.abi32   0x0000000000000000        0x0
 .mdebug.abi32  0x0000000000000000        0x0 lib_bootstrap/libbootstrap.a(bootstrap_board.o)
 .mdebug.abi32  0x0000000000000000        0x0 lib_bootstrap/libbootstrap.a(string.o)
 .mdebug.abi32  0x0000000000000000        0x0 lib_bootstrap/libbootstrap.a(crc32.o)
 .mdebug.abi32  0x0000000000000000        0x0 lib_bootstrap/libbootstrap.a(LzmaWrapper.o)
 .mdebug.abi32  0x0000000000000000        0x0 lib_bootstrap/libbootstrap.a(time.o)
 .mdebug.abi32  0x0000000000000000        0x0 lib_bootstrap/libbootstrap.a(LzmaDecode.o)
 .mdebug.abi32  0x0000000000000000        0x0 board/ar7240/ap121/libap121.a(ap121.o)
 .mdebug.abi32  0x0000000000000000        0x0 cpu/mips/libmips.a(interrupts.o)
 .mdebug.abi32  0x0000000000000000        0x0 cpu/mips/ar7240/libar7240.a(meminit.o)
 .mdebug.abi32  0x0000000000000000        0x0 cpu/mips/ar7240/libar7240.a(hornet_serial.o)

.debug_abbrev   0x0000000000000000      0xe9c
 .debug_abbrev  0x0000000000000000      0x2a1 lib_bootstrap/libbootstrap.a(bootstrap_board.o)
 .debug_abbrev  0x00000000000002a1      0x21c lib_bootstrap/libbootstrap.a(string.o)
 .debug_abbrev  0x00000000000004bd       0x9c lib_bootstrap/libbootstrap.a(crc32.o)
 .debug_abbrev  0x0000000000000559      0x1a7 lib_bootstrap/libbootstrap.a(LzmaWrapper.o)
 .debug_abbrev  0x0000000000000700      0x179 lib_bootstrap/libbootstrap.a(time.o)
 .debug_abbrev  0x0000000000000879      0x164 lib_bootstrap/libbootstrap.a(LzmaDecode.o)
 .debug_abbrev  0x00000000000009dd      0x198 board/ar7240/ap121/libap121.a(ap121.o)
 .debug_abbrev  0x0000000000000b75       0x65 cpu/mips/libmips.a(interrupts.o)
 .debug_abbrev  0x0000000000000bda      0x112 cpu/mips/ar7240/libar7240.a(meminit.o)
 .debug_abbrev  0x0000000000000cec      0x1b0 cpu/mips/ar7240/libar7240.a(hornet_serial.o)

.debug_info     0x0000000000000000     0x22cb
 .debug_info    0x0000000000000000      0x6a9 lib_bootstrap/libbootstrap.a(bootstrap_board.o)
 .debug_info    0x00000000000006a9      0x729 lib_bootstrap/libbootstrap.a(string.o)
 .debug_info    0x0000000000000dd2      0x136 lib_bootstrap/libbootstrap.a(crc32.o)
 .debug_info    0x0000000000000f08      0x35b lib_bootstrap/libbootstrap.a(LzmaWrapper.o)
 .debug_info    0x0000000000001263      0x28e lib_bootstrap/libbootstrap.a(time.o)
 .debug_info    0x00000000000014f1      0x4eb lib_bootstrap/libbootstrap.a(LzmaDecode.o)
 .debug_info    0x00000000000019dc      0x305 board/ar7240/ap121/libap121.a(ap121.o)
 .debug_info    0x0000000000001ce1       0xa8 cpu/mips/libmips.a(interrupts.o)
 .debug_info    0x0000000000001d89      0x1e8 cpu/mips/ar7240/libar7240.a(meminit.o)
 .debug_info    0x0000000000001f71      0x35a cpu/mips/ar7240/libar7240.a(hornet_serial.o)

.debug_line     0x0000000000000000      0xcb2
 .debug_line    0x0000000000000000      0x1fa lib_bootstrap/libbootstrap.a(bootstrap_board.o)
 .debug_line    0x00000000000001fa      0x1c1 lib_bootstrap/libbootstrap.a(string.o)
 .debug_line    0x00000000000003bb       0xe9 lib_bootstrap/libbootstrap.a(crc32.o)
 .debug_line    0x00000000000004a4      0x170 lib_bootstrap/libbootstrap.a(LzmaWrapper.o)
 .debug_line    0x0000000000000614      0x104 lib_bootstrap/libbootstrap.a(time.o)
 .debug_line    0x0000000000000718      0x1d8 lib_bootstrap/libbootstrap.a(LzmaDecode.o)
 .debug_line    0x00000000000008f0      0x155 board/ar7240/ap121/libap121.a(ap121.o)
 .debug_line    0x0000000000000a45       0x3f cpu/mips/libmips.a(interrupts.o)
 .debug_line    0x0000000000000a84      0x128 cpu/mips/ar7240/libar7240.a(meminit.o)
 .debug_line    0x0000000000000bac      0x106 cpu/mips/ar7240/libar7240.a(hornet_serial.o)

.debug_frame    0x0000000000000000      0x4fc
 .debug_frame   0x0000000000000000       0xb0 lib_bootstrap/libbootstrap.a(bootstrap_board.o)
 .debug_frame   0x00000000000000b0      0x16c lib_bootstrap/libbootstrap.a(string.o)
 .debug_frame   0x000000000000021c       0x20 lib_bootstrap/libbootstrap.a(crc32.o)
 .debug_frame   0x000000000000023c       0x38 lib_bootstrap/libbootstrap.a(LzmaWrapper.o)
 .debug_frame   0x0000000000000274       0x88 lib_bootstrap/libbootstrap.a(time.o)
 .debug_frame   0x00000000000002fc       0x48 lib_bootstrap/libbootstrap.a(LzmaDecode.o)
 .debug_frame   0x0000000000000344       0xa8 board/ar7240/ap121/libap121.a(ap121.o)
 .debug_frame   0x00000000000003ec       0x30 cpu/mips/libmips.a(interrupts.o)
 .debug_frame   0x000000000000041c       0x50 cpu/mips/ar7240/libar7240.a(meminit.o)
 .debug_frame   0x000000000000046c       0x90 cpu/mips/ar7240/libar7240.a(hornet_serial.o)

.debug_loc      0x0000000000000000     0x13a8
 .debug_loc     0x0000000000000000      0x180 lib_bootstrap/libbootstrap.a(bootstrap_board.o)
 .debug_loc     0x0000000000000180      0x407 lib_bootstrap/libbootstrap.a(string.o)
 .debug_loc     0x0000000000000587       0xc8 lib_bootstrap/libbootstrap.a(crc32.o)
 .debug_loc     0x000000000000064f      0x21b lib_bootstrap/libbootstrap.a(LzmaWrapper.o)
 .debug_loc     0x000000000000086a       0x6b lib_bootstrap/libbootstrap.a(time.o)
 .debug_loc     0x00000000000008d5      0x802 lib_bootstrap/libbootstrap.a(LzmaDecode.o)
 .debug_loc     0x00000000000010d7       0xe3 board/ar7240/ap121/libap121.a(ap121.o)
 .debug_loc     0x00000000000011ba       0x50 cpu/mips/ar7240/libar7240.a(meminit.o)
 .debug_loc     0x000000000000120a      0x19e cpu/mips/ar7240/libar7240.a(hornet_serial.o)

.debug_pubnames
                0x0000000000000000      0x4b9
 .debug_pubnames
                0x0000000000000000       0xbc lib_bootstrap/libbootstrap.a(bootstrap_board.o)
 .debug_pubnames
                0x00000000000000bc       0xec lib_bootstrap/libbootstrap.a(string.o)
 .debug_pubnames
                0x00000000000001a8       0x1c lib_bootstrap/libbootstrap.a(crc32.o)
 .debug_pubnames
                0x00000000000001c4       0x23 lib_bootstrap/libbootstrap.a(LzmaWrapper.o)
 .debug_pubnames
                0x00000000000001e7       0x74 lib_bootstrap/libbootstrap.a(time.o)
 .debug_pubnames
                0x000000000000025b       0x3a lib_bootstrap/libbootstrap.a(LzmaDecode.o)
 .debug_pubnames
                0x0000000000000295       0xd7 board/ar7240/ap121/libap121.a(ap121.o)
 .debug_pubnames
                0x000000000000036c       0x3f cpu/mips/libmips.a(interrupts.o)
 .debug_pubnames
                0x00000000000003ab       0x81 cpu/mips/ar7240/libar7240.a(meminit.o)
 .debug_pubnames
                0x000000000000042c       0x8d cpu/mips/ar7240/libar7240.a(hornet_serial.o)

.debug_aranges  0x0000000000000000      0x140
 .debug_aranges
                0x0000000000000000       0x20 lib_bootstrap/libbootstrap.a(bootstrap_board.o)
 .debug_aranges
                0x0000000000000020       0x20 lib_bootstrap/libbootstrap.a(string.o)
 .debug_aranges
                0x0000000000000040       0x20 lib_bootstrap/libbootstrap.a(crc32.o)
 .debug_aranges
                0x0000000000000060       0x20 lib_bootstrap/libbootstrap.a(LzmaWrapper.o)
 .debug_aranges
                0x0000000000000080       0x20 lib_bootstrap/libbootstrap.a(time.o)
 .debug_aranges
                0x00000000000000a0       0x20 lib_bootstrap/libbootstrap.a(LzmaDecode.o)
 .debug_aranges
                0x00000000000000c0       0x20 board/ar7240/ap121/libap121.a(ap121.o)
 .debug_aranges
                0x00000000000000e0       0x20 cpu/mips/libmips.a(interrupts.o)
 .debug_aranges
                0x0000000000000100       0x20 cpu/mips/ar7240/libar7240.a(meminit.o)
 .debug_aranges
                0x0000000000000120       0x20 cpu/mips/ar7240/libar7240.a(hornet_serial.o)

.debug_ranges   0x0000000000000000      0x1d8
 .debug_ranges  0x0000000000000000       0x18 lib_bootstrap/libbootstrap.a(bootstrap_board.o)
 .debug_ranges  0x0000000000000018       0x98 lib_bootstrap/libbootstrap.a(LzmaWrapper.o)
 .debug_ranges  0x00000000000000b0      0x128 lib_bootstrap/libbootstrap.a(LzmaDecode.o)

.debug_str      0x0000000000000000      0xb6a
 .debug_str     0x0000000000000000      0x3ae lib_bootstrap/libbootstrap.a(bootstrap_board.o)
                                        0x410 (size before relaxing)
 .debug_str     0x00000000000003ae       0xdc lib_bootstrap/libbootstrap.a(string.o)
                                        0x1ca (size before relaxing)
 .debug_str     0x000000000000048a       0x30 lib_bootstrap/libbootstrap.a(crc32.o)
                                        0x116 (size before relaxing)
 .debug_str     0x00000000000004ba      0x124 lib_bootstrap/libbootstrap.a(LzmaWrapper.o)
                                        0x25a (size before relaxing)
 .debug_str     0x00000000000005de       0x7c lib_bootstrap/libbootstrap.a(time.o)
                                        0x173 (size before relaxing)
 .debug_str     0x000000000000065a      0x139 lib_bootstrap/libbootstrap.a(LzmaDecode.o)
                                        0x256 (size before relaxing)
 .debug_str     0x0000000000000793      0x13a board/ar7240/ap121/libap121.a(ap121.o)
                                        0x204 (size before relaxing)
 .debug_str     0x00000000000008cd       0x70 cpu/mips/libmips.a(interrupts.o)
                                        0x108 (size before relaxing)
 .debug_str     0x000000000000093d       0xff cpu/mips/ar7240/libar7240.a(meminit.o)
                                        0x1bb (size before relaxing)
 .debug_str     0x0000000000000a3c      0x12e cpu/mips/ar7240/libar7240.a(hornet_serial.o)
                                        0x20a (size before relaxing)

.comment        0x0000000000000000       0xb4
 .comment       0x0000000000000000       0x12 lib_bootstrap/libbootstrap.a(bootstrap_board.o)
 .comment       0x0000000000000012       0x12 lib_bootstrap/libbootstrap.a(string.o)
 .comment       0x0000000000000024       0x12 lib_bootstrap/libbootstrap.a(crc32.o)
 .comment       0x0000000000000036       0x12 lib_bootstrap/libbootstrap.a(LzmaWrapper.o)
 .comment       0x0000000000000048       0x12 lib_bootstrap/libbootstrap.a(time.o)
 .comment       0x000000000000005a       0x12 lib_bootstrap/libbootstrap.a(LzmaDecode.o)
 .comment       0x000000000000006c       0x12 board/ar7240/ap121/libap121.a(ap121.o)
 .comment       0x000000000000007e       0x12 cpu/mips/libmips.a(interrupts.o)
 .comment       0x0000000000000090       0x12 cpu/mips/ar7240/libar7240.a(meminit.o)
 .comment       0x00000000000000a2       0x12 cpu/mips/ar7240/libar7240.a(hornet_serial.o)

.gnu.attributes
                0x0000000000000000       0x10
 .gnu.attributes
                0x0000000000000000       0x10 lib_bootstrap/libbootstrap.a(bootstrap_board.o)
 .gnu.attributes
                0x0000000000000010       0x10 lib_bootstrap/libbootstrap.a(string.o)
 .gnu.attributes
                0x0000000000000020       0x10 lib_bootstrap/libbootstrap.a(crc32.o)
 .gnu.attributes
                0x0000000000000030       0x10 lib_bootstrap/libbootstrap.a(LzmaWrapper.o)
 .gnu.attributes
                0x0000000000000040       0x10 lib_bootstrap/libbootstrap.a(time.o)
 .gnu.attributes
                0x0000000000000050       0x10 lib_bootstrap/libbootstrap.a(LzmaDecode.o)
 .gnu.attributes
                0x0000000000000060       0x10 board/ar7240/ap121/libap121.a(ap121.o)
 .gnu.attributes
                0x0000000000000070       0x10 cpu/mips/libmips.a(interrupts.o)
 .gnu.attributes
                0x0000000000000080       0x10 cpu/mips/ar7240/libar7240.a(meminit.o)
 .gnu.attributes
                0x0000000000000090       0x10 cpu/mips/ar7240/libar7240.a(hornet_serial.o)
