Archive member included because of file (symbol)

common/libcommon.a(cmd_boot.o)
                              (__u_boot_cmd_reset)
common/libcommon.a(cmd_bootm.o)
                              (__u_boot_cmd_bootm)
common/libcommon.a(cmd_flash.o)
                              (__u_boot_cmd_erase)
common/libcommon.a(cmd_mem.o)
                              (__u_boot_cmd_md)
common/libcommon.a(cmd_mii.o)
                              (__u_boot_cmd_progmac)
common/libcommon.a(cmd_net.o)
                              (__u_boot_cmd_tftpboot)
common/libcommon.a(cmd_nvedit.o)
                              common/libcommon.a(cmd_net.o) (getenv)
common/libcommon.a(command.o)
                              (__u_boot_cmd_version)
common/libcommon.a(console.o)
                              common/libcommon.a(cmd_bootm.o) (printf)
common/libcommon.a(devices.o)
                              common/libcommon.a(console.o) (devlist)
common/libcommon.a(env_common.o)
                              common/libcommon.a(cmd_nvedit.o) (env_get_addr)
common/libcommon.a(env_nowhere.o)
                              common/libcommon.a(env_common.o) (env_relocate_spec)
common/libcommon.a(flash.o)   common/libcommon.a(cmd_mem.o) (addr2info)
common/libcommon.a(lists.o)   common/libcommon.a(console.o) (ListGetPtrToItem)
common/libcommon.a(main.o)    common/libcommon.a(cmd_mem.o) (readline)
common/libcommon.a(dlmalloc.o)
                              common/libcommon.a(lists.o) (free)
board/ar7240/ap121/libap121.a(ar7240_flash.o)
                              common/libcommon.a(main.o) (ar7240_auf_gpio_init)
board/ar7240/ap121/libap121.a(flash.o)
                              board/ar7240/ap121/libap121.a(ar7240_flash.o) (flash_get_geom)
cpu/mips/libmips.a(cpu.o)     common/libcommon.a(cmd_boot.o) (do_reset)
cpu/mips/libmips.a(interrupts.o)
                              common/libcommon.a(cmd_bootm.o) (disable_interrupts)
cpu/mips/libmips.a(cache.o)   cpu/mips/libmips.a(cpu.o) (dcache_flush_range)
cpu/mips/ar7240/libar7240.a(hornet_serial.o)
                              common/libcommon.a(console.o) (serial_tstc)
lib_mips/libmips.a(board.o)   common/libcommon.a(dlmalloc.o) (sbrk)
lib_mips/libmips.a(time.o)    common/libcommon.a(cmd_nvedit.o) (udelay)
lib_mips/libmips.a(mips_linux.o)
                              common/libcommon.a(cmd_bootm.o) (do_bootm_linux)
net/libnet.a(net.o)           common/libcommon.a(cmd_net.o) (copy_filename)
net/libnet.a(tftp.o)          net/libnet.a(net.o) (TftpStart)
net/libnet.a(eth.o)           net/libnet.a(net.o) (eth_get_dev)
rtc/librtc.a(date.o)          common/libcommon.a(cmd_bootm.o) (to_tm)
lib_generic/libgeneric.a(crc32.o)
                              common/libcommon.a(env_common.o) (crc32)
lib_generic/libgeneric.a(display_options.o)
                              common/libcommon.a(cmd_bootm.o) (print_size)
lib_generic/libgeneric.a(string.o)
                              common/libcommon.a(cmd_flash.o) (strchr)
lib_generic/libgeneric.a(vsprintf.o)
                              common/libcommon.a(cmd_bootm.o) (simple_strtoul)
lib_generic/libgeneric.a(LzmaWrapper.o)
                              common/libcommon.a(cmd_bootm.o) (lzma_inflate)
lib_generic/libgeneric.a(LzmaDecode.o)
                              lib_generic/libgeneric.a(LzmaWrapper.o) (LzmaDecode)
lib_generic/libgeneric.a(ctype.o)
                              lib_generic/libgeneric.a(string.o) (_ctype)
common/libcommon.a(exports.o)
                              lib_mips/libmips.a(board.o) (jumptable_init)
board/ar7240/ap121/libap121.a(ap121.o)
                              lib_mips/libmips.a(board.o) (ar7240_all_led_on)
cpu/mips/ar7240/libar7240.a(meminit.o)
                              board/ar7240/ap121/libap121.a(ap121.o) (ar7240_ddr_find_size)
cpu/mips/ar7240/libar7240.a(ag7240.o)
                              net/libnet.a(eth.o) (ag7240_enet_initialize)
cpu/mips/ar7240/libar7240.a(hornet_ddr_init.o)
                              board/ar7240/ap121/libap121.a(ap121.o) (hornet_ddr_tap_init)
board/ar7240/ap121/libap121.a(ar7240_s26_phy.o)
                              cpu/mips/ar7240/libar7240.a(ag7240.o) (athrs26_mdc_check)

Allocating common symbols
Common symbol       size              file

dp_last_size        0x4               common/libcommon.a(cmd_mem.o)
console_buffer      0x100             common/libcommon.a(main.o)
NetArpWaitTry       0x4               net/libnet.a(net.o)
NetArpWaitPacketMAC
                    0x4               net/libnet.a(net.o)
flash_info          0x14c             board/ar7240/ap121/libap121.a(ar7240_flash.o)
NetOurEther         0x6               net/libnet.a(net.o)
NetOurIP            0x4               net/libnet.a(net.o)
NetServerIP         0x4               net/libnet.a(net.o)
monitor_flash_len   0x4               lib_mips/libmips.a(board.o)
___strtok           0x4               lib_generic/libgeneric.a(string.o)
NetArpWaitTxPacketSize
                    0x4               net/libnet.a(net.o)
NetArpWaitReplyIP   0x4               net/libnet.a(net.o)
NetRxPackets        0x40              net/libnet.a(net.o)
NetArpWaitTxPacket  0x4               net/libnet.a(net.o)
NetArpWaitPacketIP  0x4               net/libnet.a(net.o)
NetState            0x4               net/libnet.a(net.o)
BootFile            0x80              net/libnet.a(net.o)
dp_last_addr        0x4               common/libcommon.a(cmd_mem.o)
mm_last_size        0x4               common/libcommon.a(cmd_mem.o)
mm_last_addr        0x4               common/libcommon.a(cmd_mem.o)
NetIPID             0x4               net/libnet.a(net.o)
NetRxPkt            0x4               net/libnet.a(net.o)
ag7240_macs         0x8               cpu/mips/ar7240/libar7240.a(ag7240.o)
NetArpWaitPacketBuf
                    0x620             net/libnet.a(net.o)
header              0x40              common/libcommon.a(cmd_bootm.o)
NetRxPktLen         0x4               net/libnet.a(net.o)
NetBootFileXferSize
                    0x4               net/libnet.a(net.o)
PktBuf              0x6620            net/libnet.a(net.o)
NetArpWaitTimerStart
                    0x4               net/libnet.a(net.o)

Discarded input sections

 .reginfo       0x0000000000000000        0x0 common/libcommon.a(cmd_boot.o)
 .reginfo       0x0000000000000000        0x0 common/libcommon.a(cmd_bootm.o)
 .reginfo       0x0000000000000000        0x0 common/libcommon.a(cmd_flash.o)
 .reginfo       0x0000000000000000        0x0 common/libcommon.a(cmd_mem.o)
 .reginfo       0x0000000000000000        0x0 common/libcommon.a(cmd_mii.o)
 .reginfo       0x0000000000000000        0x0 common/libcommon.a(cmd_net.o)
 .reginfo       0x0000000000000000        0x0 common/libcommon.a(cmd_nvedit.o)
 .reginfo       0x0000000000000000        0x0 common/libcommon.a(command.o)
 .reginfo       0x0000000000000000        0x0 common/libcommon.a(console.o)
 .reginfo       0x0000000000000000        0x0 common/libcommon.a(devices.o)
 .reginfo       0x0000000000000000        0x0 common/libcommon.a(env_common.o)
 .reginfo       0x0000000000000000        0x0 common/libcommon.a(env_nowhere.o)
 .reginfo       0x0000000000000000        0x0 common/libcommon.a(flash.o)
 .reginfo       0x0000000000000000        0x0 common/libcommon.a(lists.o)
 .reginfo       0x0000000000000000        0x0 common/libcommon.a(main.o)
 .reginfo       0x0000000000000000        0x0 common/libcommon.a(dlmalloc.o)
 .reginfo       0x0000000000000000        0x0 board/ar7240/ap121/libap121.a(ar7240_flash.o)
 .reginfo       0x0000000000000000        0x0 board/ar7240/ap121/libap121.a(flash.o)
 .reginfo       0x0000000000000000        0x0 cpu/mips/libmips.a(cpu.o)
 .reginfo       0x0000000000000000        0x0 cpu/mips/libmips.a(interrupts.o)
 .reginfo       0x0000000000000000        0x0 cpu/mips/libmips.a(cache.o)
 .reginfo       0x0000000000000000        0x0 cpu/mips/ar7240/libar7240.a(hornet_serial.o)
 .reginfo       0x0000000000000000        0x0 lib_mips/libmips.a(board.o)
 .reginfo       0x0000000000000000        0x0 lib_mips/libmips.a(time.o)
 .reginfo       0x0000000000000000        0x0 lib_mips/libmips.a(mips_linux.o)
 .reginfo       0x0000000000000000        0x0 net/libnet.a(net.o)
 .reginfo       0x0000000000000000        0x0 net/libnet.a(tftp.o)
 .reginfo       0x0000000000000000        0x0 net/libnet.a(eth.o)
 .reginfo       0x0000000000000000        0x0 rtc/librtc.a(date.o)
 .reginfo       0x0000000000000000        0x0 lib_generic/libgeneric.a(crc32.o)
 .reginfo       0x0000000000000000        0x0 lib_generic/libgeneric.a(display_options.o)
 .reginfo       0x0000000000000000        0x0 lib_generic/libgeneric.a(string.o)
 .reginfo       0x0000000000000000        0x0 lib_generic/libgeneric.a(vsprintf.o)
 .reginfo       0x0000000000000000        0x0 lib_generic/libgeneric.a(LzmaWrapper.o)
 .reginfo       0x0000000000000000        0x0 lib_generic/libgeneric.a(LzmaDecode.o)
 .reginfo       0x0000000000000000        0x0 lib_generic/libgeneric.a(ctype.o)
 .reginfo       0x0000000000000000        0x0 common/libcommon.a(exports.o)
 .reginfo       0x0000000000000000        0x0 board/ar7240/ap121/libap121.a(ap121.o)
 .reginfo       0x0000000000000000        0x0 cpu/mips/ar7240/libar7240.a(meminit.o)
 .reginfo       0x0000000000000000        0x0 cpu/mips/ar7240/libar7240.a(ag7240.o)
 .reginfo       0x0000000000000000        0x0 cpu/mips/ar7240/libar7240.a(hornet_ddr_init.o)
 .reginfo       0x0000000000000000        0x0 board/ar7240/ap121/libap121.a(ar7240_s26_phy.o)

Memory Configuration

Name             Origin             Length             Attributes
*default*        0x0000000000000000 0xffffffffffffffff

Linker script and memory map

                0x0000000000000000                . = 0x0
                0x0000000000000000                . = ALIGN (0x4)

.text           0x0000000080010000    0x14180
 *(.text)
 .text          0x0000000080010000     0x3350 cpu/mips/start.o
                0x0000000080010030                relocate_code
                0x0000000080010000                _start
                0x00000000800100ec                ar7240_ddr_tap_init
 .text          0x0000000080013350        0x0 common/libcommon.a(cmd_boot.o)
 .text          0x0000000080013350      0x680 common/libcommon.a(cmd_bootm.o)
                0x0000000080013350                print_image_hdr
                0x0000000080013830                do_bootm
                0x0000000080013758                fake_image_header
 .text          0x00000000800139d0      0x650 common/libcommon.a(cmd_flash.o)
                0x00000000800139d0                flash_sect_erase
                0x0000000080013bbc                do_flerase
 .text          0x0000000080014020      0xaf0 common/libcommon.a(cmd_mem.o)
                0x0000000080014464                do_mem_mw
                0x00000000800147c4                do_mem_nm
                0x000000008001480c                do_mem_mm
                0x00000000800142b0                do_mem_cp
                0x0000000080014020                do_mem_mtest
                0x0000000080014204                cmd_get_data_size
                0x0000000080014854                do_mem_md
 .text          0x0000000080014b10      0x140 common/libcommon.a(cmd_mii.o)
                0x0000000080014b10                do_mac
 .text          0x0000000080014c50      0x3b0 common/libcommon.a(cmd_net.o)
                0x0000000080014c50                do_tftpb
 .text          0x0000000080015000      0xd90 common/libcommon.a(cmd_nvedit.o)
                0x00000000800151f8                getenv
                0x00000000800152f0                _do_setenv
                0x00000000800150bc                getenv_r
                0x0000000080015b1c                do_printenv
                0x0000000080015ac8                setenv
                0x0000000080015a60                do_setenv
 .text          0x0000000080015d90      0x3c0 common/libcommon.a(command.o)
                0x0000000080015d90                find_cmd
                0x0000000080015e90                do_help
                0x000000008001610c                do_version
 .text          0x0000000080016150      0x8c0 common/libcommon.a(console.o)
                0x0000000080016614                console_init_r
                0x00000000800165a8                printf
                0x0000000080016388                console_assign
                0x0000000080016954                getc
                0x000000008001651c                puts
                0x0000000080016368                dbg
                0x0000000080016880                serial_printf
                0x000000008001626c                ftstc
                0x00000000800164a8                fprintf
                0x0000000080016924                tstc
                0x0000000080016550                vprintf
                0x0000000080016984                ctrlc
                0x00000000800168ec                putc
                0x000000008001631c                disable_ctrlc
                0x0000000080016230                fgetc
                0x0000000080016338                had_ctrlc
                0x00000000800162a8                fputc
                0x0000000080016378                console_init_f
                0x0000000080016350                clear_ctrlc
                0x00000000800162e4                fputs
 .text          0x0000000080016a10      0x190 common/libcommon.a(devices.o)
                0x0000000080016a4c                device_register
                0x0000000080016a10                devices_done
                0x0000000080016a90                devices_init
 .text          0x0000000080016ba0      0x1d0 common/libcommon.a(env_common.o)
                0x0000000080016bd4                env_get_addr
                0x0000000080016c80                env_relocate
                0x0000000080016c30                env_crc_update
                0x0000000080016ba0                env_get_char_memory
 .text          0x0000000080016d70       0x40 common/libcommon.a(env_nowhere.o)
                0x0000000080016d70                env_relocate_spec
                0x0000000080016d78                env_get_char_spec
                0x0000000080016d88                env_init
 .text          0x0000000080016db0      0x3e0 common/libcommon.a(flash.o)
                0x0000000080017000                flash_write
                0x0000000080016db0                flash_protect
                0x0000000080016e7c                addr2info
                0x0000000080016ecc                flash_perror
 .text          0x0000000080017190      0x570 common/libcommon.a(lists.o)
                0x000000008001755c                DisposeHandle
                0x00000000800175b8                ListDispose
                0x0000000080017314                ListInsertItems
                0x0000000080017198                ListSetAllocationPolicy
                0x00000000800171f0                ListGetItemSize
                0x00000000800171e4                ListGetDataPtr
                0x00000000800175d0                NewHandle
                0x0000000080017260                SetHandleSize
                0x0000000080017544                ListInsertItem
                0x0000000080017190                GetHandleSize
                0x00000000800171fc                ListNumItems
                0x00000000800171a8                ListGetPtrToItem
                0x000000008001767c                ListCreate
                0x0000000080017208                ListGetItems
 .text          0x0000000080017700     0x1050 common/libcommon.a(main.o)
                0x0000000080017700                run_command
                0x0000000080017d84                readline
                0x000000008001803c                main_loop
 .text          0x0000000080018750     0x13a0 common/libcommon.a(dlmalloc.o)
                0x0000000080018c08                malloc
                0x0000000080019464                pvalloc
                0x00000000800194a4                calloc
                0x0000000080018794                malloc_usable_size
                0x00000000800195b0                realloc
                0x0000000080018880                malloc_trim
                0x0000000080018750                malloc_bin_reloc
                0x00000000800187ec                mallopt
                0x00000000800192e0                memalign
                0x0000000080018bf0                cfree
                0x0000000080019488                valloc
                0x00000000800189a0                free
 .text          0x0000000080019af0      0x7c0 board/ar7240/ap121/libap121.a(ar7240_flash.o)
                0x0000000080019b7c                ar7240_auf_gpio_init
                0x0000000080019bc8                ar7240_fireware_recovery_led_off
                0x0000000080019f34                flash_erase
                0x000000008001a184                flash_init
                0x000000008001a168                flash_print_info
                0x0000000080019bf4                ar7240_is_rst_btn_pressed
                0x0000000080019ba0                ar7240_fireware_recovery_led_on
                0x0000000080019ccc                write_buff
 .text          0x000000008001a2b0       0xa0 board/ar7240/ap121/libap121.a(flash.o)
                0x000000008001a2b0                flash_get_geom
 .text          0x000000008001a350       0x80 cpu/mips/libmips.a(cpu.o)
                0x000000008001a3a4                flush_cache
                0x000000008001a350                do_reset
                0x000000008001a36c                write_one_tlb
 .text          0x000000008001a3d0       0x10 cpu/mips/libmips.a(interrupts.o)
                0x000000008001a3d8                disable_interrupts
                0x000000008001a3d0                enable_interrupts
 .text          0x000000008001a3e0      0x360 cpu/mips/libmips.a(cache.o)
                0x000000008001a648                dcache_flush_range
                0x000000008001a428                mips_cache_reset
                0x000000008001a5ec                mips_cache_lock
                0x000000008001a3e0                simple_mips_cache_reset
                0x000000008001a6c4                mips_icache_flush_ix
                0x000000008001a6f4                mips_cache_lock_24k
                0x000000008001a670                mips_cache_flush
                0x000000008001a5c0                dcache_status
                0x000000008001a5d0                dcache_disable
 .text          0x000000008001a740      0x2d0 cpu/mips/ar7240/libar7240.a(hornet_serial.o)
                0x000000008001a9ac                serial_setbrg
                0x000000008001a920                serial_tstc
                0x000000008001a958                serial_putc
                0x000000008001a740                ar7240_sys_frequency
                0x000000008001a864                serial_init
                0x000000008001a9b4                serial_puts
                0x000000008001a930                serial_getc
 .text          0x000000008001aa10      0x5f0 lib_mips/libmips.a(board.o)
                0x000000008001ab2c                hang
                0x000000008001ab5c                board_init_r
                0x000000008001aa10                sbrk
                0x000000008001ae6c                board_init_f
 .text          0x000000008001b000       0xb0 lib_mips/libmips.a(time.o)
                0x000000008001b030                set_timer
                0x000000008001b014                reset_timer
                0x000000008001b0a4                get_tbclk
                0x000000008001b024                get_timer
                0x000000008001b000                timer_init
                0x000000008001b03c                udelay
                0x000000008001b098                get_ticks
 .text          0x000000008001b0b0      0x860 lib_mips/libmips.a(mips_linux.o)
                0x000000008001b1d8                do_bootm_linux
 .text          0x000000008001b910     0x16e0 net/libnet.a(net.o)
                0x000000008001bb98                getenv_IPaddr
                0x000000008001b984                NetCksumOk
                0x000000008001c750                NetSetTimeout
                0x000000008001b9fc                copy_filename
                0x000000008001b9c4                NetEthHdrSize
                0x000000008001bc30                ip_to_string
                0x000000008001c964                ArpTimeoutCheck
                0x000000008001c040                NetReceive
                0x000000008001c7b4                NetFail
                0x000000008001badc                string_to_ip
                0x000000008001c570                NetSendUDPPacket
                0x000000008001bc88                print_IPaddr
                0x000000008001be08                NetSetEther
                0x000000008001ca20                NetLoop
                0x000000008001bed0                ArpRequest
                0x000000008001bbd4                VLAN_to_string
                0x000000008001baa0                getenv_VLAN
                0x000000008001b94c                NetCksum
                0x000000008001bcd8                NetSetIP
                0x000000008001ba44                string_to_VLAN
                0x000000008001c7f4                NetStartAgain
                0x000000008001b934                NetSetHandler
                0x000000008001beb8                NetSendPacket
 .text          0x000000008001cff0      0x8a0 net/libnet.a(tftp.o)
                0x000000008001d1fc                TftpStart
 .text          0x000000008001d890      0x890 net/libnet.a(eth.o)
                0x000000008001d8a8                eth_get_dev_by_name
                0x000000008001d964                eth_halt
                0x000000008001dca8                eth_register
                0x000000008001d890                eth_get_dev
                0x000000008001db18                eth_try_another
                0x000000008001dd98                eth_set_enetaddr
                0x000000008001de8c                eth_initialize
                0x000000008001da48                eth_set_current
                0x000000008001d9f0                eth_rx
                0x000000008001d910                eth_get_dev_index
                0x000000008001dc04                eth_init
                0x000000008001da1c                eth_get_name
                0x000000008001d9bc                eth_send
 .text          0x000000008001e120      0x2c0 rtc/librtc.a(date.o)
                0x000000008001e120                GregorianDay
                0x000000008001e328                mktime
                0x000000008001e23c                to_tm
 .text          0x000000008001e3e0      0x190 lib_generic/libgeneric.a(crc32.o)
                0x000000008001e3e0                crc32
 .text          0x000000008001e570      0x130 lib_generic/libgeneric.a(display_options.o)
                0x000000008001e654                display_options
                0x000000008001e570                print_size
 .text          0x000000008001e6a0      0x620 lib_generic/libgeneric.a(string.o)
                0x000000008001eac0                memmove
                0x000000008001ea94                memcpy
                0x000000008001ea20                strswab
                0x000000008001e864                strnlen
                0x000000008001e7f0                strrchr
                0x000000008001e728                strcat
                0x000000008001ec18                memchr
                0x000000008001eb5c                strstr
                0x000000008001e900                strtok
                0x000000008001eb24                memcmp
                0x000000008001e754                strncat
                0x000000008001ec44                strdup
                0x000000008001ea70                memset
                0x000000008001e9bc                strsep
                0x000000008001e6a0                strnicmp
                0x000000008001e88c                strspn
                0x000000008001e7d8                strlen
                0x000000008001e7a8                strchr
                0x000000008001e8c8                strpbrk
 .text          0x000000008001ecc0      0x8f0 lib_generic/libgeneric.a(vsprintf.o)
                0x000000008001f0ac                vsprintf
                0x000000008001ed90                simple_strtol
                0x000000008001f024                panic
                0x000000008001f56c                sprintf
                0x000000008001ecc0                simple_strtoul
 .text          0x000000008001f5b0      0x2c0 lib_generic/libgeneric.a(LzmaWrapper.o)
                0x000000008001f5b0                lzma_inflate
 .text          0x000000008001f870      0xcf0 lib_generic/libgeneric.a(LzmaDecode.o)
                0x000000008002048c                LzmaDecodeProperties
                0x000000008001f870                LzmaDecode
 .text          0x0000000080020560        0x0 lib_generic/libgeneric.a(ctype.o)
 .text          0x0000000080020560       0xc0 common/libcommon.a(exports.o)
                0x0000000080020570                jumptable_init
                0x0000000080020568                get_version
 .text          0x0000000080020620      0x2e0 board/ar7240/ap121/libap121.a(ap121.o)
                0x0000000080020620                ar7240_usb_initial_config
                0x0000000080020854                ar7240_mem_config
                0x000000008002070c                ar7240_all_led_off
                0x0000000080020648                ar7240_usb_otp_config
                0x0000000080020804                ar7240_gpio_sw_led
                0x0000000080020824                checkboard
                0x00000000800206d8                ar7240_all_led_on
                0x0000000080020760                ar7240_gpio_config
                0x00000000800208e0                initdram
 .text          0x0000000080020900      0x280 cpu/mips/ar7240/libar7240.a(meminit.o)
                0x0000000080020974                ar7240_ddr_initial_config
                0x0000000080020930                ar7240_ddr_find_size
                0x0000000080020900                ar7240_ddr_tap_set
 .text          0x0000000080020b80     0x1e80 cpu/mips/ar7240/libar7240.a(ag7240.o)
                0x0000000080021a70                ag7240_mii_setup
                0x0000000080021f48                ag7240_enet_initialize
                0x0000000080020bd4                ag7240_miiphy_write
                0x0000000080020ddc                ag7240_miiphy_read
                0x0000000080020bcc                ag7240_mac_addr_loc
 .text          0x0000000080022a00      0x550 cpu/mips/ar7240/libar7240.a(hornet_ddr_init.o)
                0x0000000080022af0                hornet_ddr_tap_init
                0x0000000080022a00                hornet_ddr_init
 .text          0x0000000080022f50     0x1230 board/ar7240/ap121/libap121.a(ar7240_s26_phy.o)
                0x000000008002371c                athrs26_phy_is_up
                0x00000000800233e8                athrs26_mdc_check
                0x0000000080023858                athrs26_phy_is_link_alive
                0x000000008002360c                athrs26_powersave_off
                0x0000000080023460                s26_wr_phy
                0x0000000080023e90                athrs26_reg_init_lan
                0x0000000080023ce0                athrs26_phy_speed
                0x00000000800235b8                athrs26_sleep_off
                0x0000000080022f50                athrs26_reg_write
                0x00000000800239a4                athrs26_phy_setup
                0x0000000080023520                athrs26_reg_init
                0x00000000800231f0                athrs26_reg_read
                0x00000000800238a8                athrs26_phy_is_fdx
                0x0000000080023660                s26_rd_phy
                0x0000000080024180                . = ALIGN (0x4)

.rodata         0x0000000080024180      0x620
 *(.rodata)
 .rodata        0x0000000080024180       0xb0 common/libcommon.a(cmd_bootm.o)
 .rodata        0x0000000080024230       0x70 common/libcommon.a(main.o)
 .rodata        0x00000000800242a0       0x30 lib_mips/libmips.a(board.o)
                0x00000000800242a0                version_string
 .rodata        0x00000000800242d0       0x30 net/libnet.a(net.o)
 .rodata        0x0000000080024300       0x20 net/libnet.a(tftp.o)
 .rodata        0x0000000080024320       0x30 rtc/librtc.a(date.o)
 .rodata        0x0000000080024350      0x400 lib_generic/libgeneric.a(crc32.o)
 .rodata        0x0000000080024750       0x50 cpu/mips/ar7240/libar7240.a(ag7240.o)

.reginfo        0x00000000800247a0       0x18
 .reginfo       0x00000000800247a0       0x18 cpu/mips/start.o

.rodata.str1.4  0x00000000800247b8     0x20c8
 .rodata.str1.4
                0x00000000800247b8       0x2c common/libcommon.a(cmd_boot.o)
 .rodata.str1.4
                0x00000000800247e4      0x40c common/libcommon.a(cmd_bootm.o)
                                        0x410 (size before relaxing)
 .rodata.str1.4
                0x0000000080024bf0      0x34a common/libcommon.a(cmd_flash.o)
                                        0x34c (size before relaxing)
 *fill*         0x0000000080024f3a        0x2 00
 .rodata.str1.4
                0x0000000080024f3c      0x320 common/libcommon.a(cmd_mem.o)
                                        0x330 (size before relaxing)
 .rodata.str1.4
                0x000000008002525c       0xda common/libcommon.a(cmd_mii.o)
                                         0xdc (size before relaxing)
 *fill*         0x0000000080025336        0x2 00
 .rodata.str1.4
                0x0000000080025338       0xfe common/libcommon.a(cmd_net.o)
                                        0x10c (size before relaxing)
 *fill*         0x0000000080025436        0x2 00
 .rodata.str1.4
                0x0000000080025438      0x296 common/libcommon.a(cmd_nvedit.o)
                                        0x2c0 (size before relaxing)
 *fill*         0x00000000800256ce        0x2 00
 .rodata.str1.4
                0x00000000800256d0      0x21c common/libcommon.a(command.o)
 .rodata.str1.4
                0x00000000800258ec       0x75 common/libcommon.a(console.o)
                                         0x7c (size before relaxing)
 *fill*         0x0000000080025961        0x3 00
 .rodata.str1.4
                0x0000000080025964       0x2f common/libcommon.a(devices.o)
                                         0x48 (size before relaxing)
 *fill*         0x0000000080025993        0x1 00
 .rodata.str1.4
                0x0000000080025994       0x1c common/libcommon.a(env_common.o)
 .rodata.str1.4
                0x00000000800259b0      0x120 common/libcommon.a(flash.o)
 .rodata.str1.4
                0x0000000080025ad0      0x319 common/libcommon.a(main.o)
                                        0x328 (size before relaxing)
 *fill*         0x0000000080025de9        0x3 00
 .rodata.str1.4
                0x0000000080025dec       0x71 board/ar7240/ap121/libap121.a(ar7240_flash.o)
                                         0x78 (size before relaxing)
 *fill*         0x0000000080025e5d        0x3 00
 .rodata.str1.4
                0x0000000080025e60       0x22 board/ar7240/ap121/libap121.a(flash.o)
                                         0x24 (size before relaxing)
 *fill*         0x0000000080025e82        0x2 00
 .rodata.str1.4
                0x0000000080025e84       0x70 lib_mips/libmips.a(board.o)
                                         0xa8 (size before relaxing)
 .rodata.str1.4
                0x0000000080025ef4      0x147 lib_mips/libmips.a(mips_linux.o)
                                        0x14c (size before relaxing)
 *fill*         0x000000008002603b        0x1 00
 .rodata.str1.4
                0x000000008002603c      0x1ed net/libnet.a(net.o)
                                        0x21c (size before relaxing)
 *fill*         0x0000000080026229        0x3 00
 .rodata.str1.4
                0x000000008002622c      0x213 net/libnet.a(tftp.o)
                                        0x21c (size before relaxing)
 *fill*         0x000000008002643f        0x1 00
 .rodata.str1.4
                0x0000000080026440       0x42 net/libnet.a(eth.o)
                                         0x58 (size before relaxing)
 *fill*         0x0000000080026482        0x2 00
 .rodata.str1.4
                0x0000000080026484       0x17 lib_generic/libgeneric.a(display_options.o)
                                         0x20 (size before relaxing)
 *fill*         0x000000008002649b        0x1 00
 .rodata.str1.4
                0x000000008002649c       0x57 lib_generic/libgeneric.a(vsprintf.o)
                                         0x58 (size before relaxing)
 *fill*         0x00000000800264f3        0x1 00
 .rodata.str1.4
                0x00000000800264f4       0x9c lib_generic/libgeneric.a(LzmaWrapper.o)
                                         0xa0 (size before relaxing)
 .rodata.str1.4
                0x0000000080026590       0x2f lib_generic/libgeneric.a(LzmaDecode.o)
                                         0x30 (size before relaxing)
 *fill*         0x00000000800265bf        0x1 00
 .rodata.str1.4
                0x00000000800265c0       0x16 board/ar7240/ap121/libap121.a(ap121.o)
                                         0x18 (size before relaxing)
 *fill*         0x00000000800265d6        0x2 00
 .rodata.str1.4
                0x00000000800265d8      0x25f cpu/mips/ar7240/libar7240.a(ag7240.o)
                                        0x268 (size before relaxing)
 *fill*         0x0000000080026837        0x1 00
 .rodata.str1.4
                0x0000000080026838       0x48 board/ar7240/ap121/libap121.a(ar7240_s26_phy.o)
                                         0x58 (size before relaxing)

.rel.dyn        0x0000000080026880        0x0
 .rel.dyn       0x0000000000000000        0x0 cpu/mips/start.o
                0x0000000080026880                . = ALIGN (0x4)

.data           0x0000000080026880      0x390
 *(.data)
 .data          0x0000000080026880        0x0 cpu/mips/start.o
 .data          0x0000000080026880        0x0 common/libcommon.a(cmd_boot.o)
 .data          0x0000000080026880       0x20 common/libcommon.a(cmd_bootm.o)
                0x0000000080026880                load_addr
                0x0000000080026884                linuxFlash
 .data          0x00000000800268a0        0x0 common/libcommon.a(cmd_flash.o)
 .data          0x00000000800268a0       0x10 common/libcommon.a(cmd_mem.o)
                0x00000000800268a0                dp_last_length
 .data          0x00000000800268b0        0x0 common/libcommon.a(cmd_mii.o)
 .data          0x00000000800268b0        0x0 common/libcommon.a(cmd_net.o)
 .data          0x00000000800268b0        0x0 common/libcommon.a(cmd_nvedit.o)
 .data          0x00000000800268b0        0x0 common/libcommon.a(command.o)
 .data          0x00000000800268b0        0x0 common/libcommon.a(console.o)
 .data          0x00000000800268b0        0x0 common/libcommon.a(devices.o)
 .data          0x00000000800268b0      0x140 common/libcommon.a(env_common.o)
                0x00000000800268b0                default_environment
 .data          0x00000000800269f0        0x0 common/libcommon.a(env_nowhere.o)
 .data          0x00000000800269f0        0x0 common/libcommon.a(flash.o)
 .data          0x00000000800269f0        0x0 common/libcommon.a(lists.o)
 .data          0x00000000800269f0       0x10 common/libcommon.a(main.o)
 .data          0x0000000080026a00       0x10 common/libcommon.a(dlmalloc.o)
 .data          0x0000000080026a10        0x0 board/ar7240/ap121/libap121.a(ar7240_flash.o)
 .data          0x0000000080026a10        0x0 board/ar7240/ap121/libap121.a(flash.o)
 .data          0x0000000080026a10        0x0 cpu/mips/libmips.a(cpu.o)
 .data          0x0000000080026a10        0x0 cpu/mips/libmips.a(interrupts.o)
 .data          0x0000000080026a10        0x0 cpu/mips/libmips.a(cache.o)
 .data          0x0000000080026a10        0x0 cpu/mips/ar7240/libar7240.a(hornet_serial.o)
 .data          0x0000000080026a10        0x0 lib_mips/libmips.a(board.o)
 .data          0x0000000080026a10        0x0 lib_mips/libmips.a(time.o)
 .data          0x0000000080026a10        0x0 lib_mips/libmips.a(mips_linux.o)
 .data          0x0000000080026a10       0x10 net/libnet.a(net.o)
                0x0000000080026a10                NetBcastAddr
                0x0000000080026a18                NetOurNativeVLAN
                0x0000000080026a16                NetOurVLAN
 .data          0x0000000080026a20       0x10 net/libnet.a(tftp.o)
                0x0000000080026a20                tftp_try_again
 .data          0x0000000080026a30        0x0 net/libnet.a(eth.o)
 .data          0x0000000080026a30       0x30 rtc/librtc.a(date.o)
 .data          0x0000000080026a60        0x0 lib_generic/libgeneric.a(crc32.o)
 .data          0x0000000080026a60        0x0 lib_generic/libgeneric.a(display_options.o)
 .data          0x0000000080026a60        0x0 lib_generic/libgeneric.a(string.o)
 .data          0x0000000080026a60        0x0 lib_generic/libgeneric.a(vsprintf.o)
 .data          0x0000000080026a60        0x0 lib_generic/libgeneric.a(LzmaWrapper.o)
 .data          0x0000000080026a60        0x0 lib_generic/libgeneric.a(LzmaDecode.o)
 .data          0x0000000080026a60      0x100 lib_generic/libgeneric.a(ctype.o)
                0x0000000080026a60                _ctype
 .data          0x0000000080026b60        0x0 common/libcommon.a(exports.o)
 .data          0x0000000080026b60        0x0 board/ar7240/ap121/libap121.a(ap121.o)
 .data          0x0000000080026b60       0x20 cpu/mips/ar7240/libar7240.a(meminit.o)
                0x0000000080026b60                tap_settings
                0x0000000080026b6c                tap_pattern
 .data          0x0000000080026b80        0x0 cpu/mips/ar7240/libar7240.a(ag7240.o)
 .data          0x0000000080026b80        0x0 cpu/mips/ar7240/libar7240.a(hornet_ddr_init.o)
 .data          0x0000000080026b80       0x90 board/ar7240/ap121/libap121.a(ar7240_s26_phy.o)

.got.plt        0x0000000080026c10        0x0
 .got.plt       0x0000000000000000        0x0 cpu/mips/start.o

.data.rel.local
                0x0000000080026c10      0x418
 .data.rel.local
                0x0000000080026c10        0xc common/libcommon.a(devices.o)
                0x0000000080026c10                stdio_names
 .data.rel.local
                0x0000000080026c1c        0x4 common/libcommon.a(env_common.o)
                0x0000000080026c1c                env_get_char
 .data.rel.local
                0x0000000080026c20      0x408 common/libcommon.a(dlmalloc.o)

.data.rel       0x0000000080027028       0x14
 .data.rel      0x0000000080027028       0x14 lib_mips/libmips.a(board.o)
                0x0000000080027028                init_sequence

.data.rel.ro.local
                0x000000008002703c        0x4
 .data.rel.ro.local
                0x000000008002703c        0x4 lib_generic/libgeneric.a(LzmaWrapper.o)
                0x0000000080027040                . = ALIGN (0x4)

.sdata
 *(.sdata)
 *(.sdata)
                0x0000000080027040                _gp = ALIGN (0x10)
                0x0000000080027040                __got_start = .

.got            0x0000000080027040      0x3a0
 *(.got)
 .got           0x0000000080027040      0x3a0 cpu/mips/start.o
                0x0000000080027040                _GLOBAL_OFFSET_TABLE_
                0x00000000800273e0                __got_end = .
                0x00000000800273e0                __u_boot_cmd_start = .

.u_boot_cmd     0x00000000800273e0      0x180
 *(.u_boot_cmd)
 .u_boot_cmd    0x00000000800273e0       0x18 common/libcommon.a(cmd_boot.o)
                0x00000000800273e0                __u_boot_cmd_reset
 .u_boot_cmd    0x00000000800273f8       0x18 common/libcommon.a(cmd_bootm.o)
                0x00000000800273f8                __u_boot_cmd_bootm
 .u_boot_cmd    0x0000000080027410       0x18 common/libcommon.a(cmd_flash.o)
                0x0000000080027410                __u_boot_cmd_erase
 .u_boot_cmd    0x0000000080027428       0x90 common/libcommon.a(cmd_mem.o)
                0x0000000080027428                __u_boot_cmd_md
                0x0000000080027470                __u_boot_cmd_mw
                0x0000000080027440                __u_boot_cmd_mm
                0x0000000080027458                __u_boot_cmd_nm
                0x0000000080027488                __u_boot_cmd_mtest
                0x00000000800274a0                __u_boot_cmd_cp
 .u_boot_cmd    0x00000000800274b8       0x18 common/libcommon.a(cmd_mii.o)
                0x00000000800274b8                __u_boot_cmd_progmac
 .u_boot_cmd    0x00000000800274d0       0x18 common/libcommon.a(cmd_net.o)
                0x00000000800274d0                __u_boot_cmd_tftpboot
 .u_boot_cmd    0x00000000800274e8       0x30 common/libcommon.a(cmd_nvedit.o)
                0x00000000800274e8                __u_boot_cmd_printenv
                0x0000000080027500                __u_boot_cmd_setenv
 .u_boot_cmd    0x0000000080027518       0x48 common/libcommon.a(command.o)
                0x0000000080027548                __u_boot_cmd_question_mark
                0x0000000080027518                __u_boot_cmd_version
                0x0000000080027530                __u_boot_cmd_help
                0x0000000080027560                __u_boot_cmd_end = .
                0x0000000080027560                uboot_end_data = .
                0x00000000000000e8                num_got_entries = ((__got_end - __got_start) >> 0x2)
                0x0000000080027560                . = ALIGN (0x4)

.sbss
 *(.sbss)

.bss            0x0000000080027560     0x725c
 *(.bss)
 .bss           0x0000000080027560        0x0 cpu/mips/start.o
 .bss           0x0000000080027560        0x0 common/libcommon.a(cmd_boot.o)
 .bss           0x0000000080027560        0x0 common/libcommon.a(cmd_bootm.o)
 .bss           0x0000000080027560        0x0 common/libcommon.a(cmd_flash.o)
 .bss           0x0000000080027560        0x0 common/libcommon.a(cmd_mem.o)
 .bss           0x0000000080027560        0x0 common/libcommon.a(cmd_mii.o)
 .bss           0x0000000080027560        0x0 common/libcommon.a(cmd_net.o)
 .bss           0x0000000080027560        0x0 common/libcommon.a(cmd_nvedit.o)
 .bss           0x0000000080027560        0x0 common/libcommon.a(command.o)
 .bss           0x0000000080027560       0x10 common/libcommon.a(console.o)
 .bss           0x0000000080027570       0x10 common/libcommon.a(devices.o)
                0x0000000080027570                devlist
                0x0000000080027574                stdio_devices
 .bss           0x0000000080027580        0x0 common/libcommon.a(env_common.o)
 .bss           0x0000000080027580       0x10 common/libcommon.a(env_nowhere.o)
                0x0000000080027580                env_ptr
 .bss           0x0000000080027590        0x0 common/libcommon.a(flash.o)
 .bss           0x0000000080027590        0x0 common/libcommon.a(lists.o)
 .bss           0x0000000080027590      0x100 common/libcommon.a(main.o)
 .bss           0x0000000080027690       0x40 common/libcommon.a(dlmalloc.o)
 .bss           0x00000000800276d0        0x0 board/ar7240/ap121/libap121.a(ar7240_flash.o)
 .bss           0x00000000800276d0        0x0 board/ar7240/ap121/libap121.a(flash.o)
 .bss           0x00000000800276d0        0x0 cpu/mips/libmips.a(cpu.o)
 .bss           0x00000000800276d0        0x0 cpu/mips/libmips.a(interrupts.o)
 .bss           0x00000000800276d0        0x0 cpu/mips/libmips.a(cache.o)
 .bss           0x00000000800276d0        0x0 cpu/mips/ar7240/libar7240.a(hornet_serial.o)
 .bss           0x00000000800276d0       0x10 lib_mips/libmips.a(board.o)
 .bss           0x00000000800276e0        0x0 lib_mips/libmips.a(time.o)
 .bss           0x00000000800276e0       0x20 lib_mips/libmips.a(mips_linux.o)
 .bss           0x0000000080027700       0xc0 net/libnet.a(net.o)
                0x000000008002770c                NetOurNISDomain
                0x0000000080027790                NetServerEther
                0x0000000080027700                NetOurSubnetMask
                0x000000008002778c                NetBootFileSize
                0x000000008002772c                NetOurHostName
                0x0000000080027704                NetOurGatewayIP
                0x0000000080027798                NetEtherNullAddr
                0x00000000800277a0                NetRestartWrap
                0x00000000800277a4                NetTxPacket
                0x0000000080027708                NetOurDNSIP
                0x000000008002774c                NetOurRootPath
 .bss           0x00000000800277c0       0x40 net/libnet.a(tftp.o)
 .bss           0x0000000080027800       0x10 net/libnet.a(eth.o)
 .bss           0x0000000080027810        0x0 rtc/librtc.a(date.o)
 .bss           0x0000000080027810        0x0 lib_generic/libgeneric.a(crc32.o)
 .bss           0x0000000080027810        0x0 lib_generic/libgeneric.a(display_options.o)
 .bss           0x0000000080027810        0x0 lib_generic/libgeneric.a(string.o)
 .bss           0x0000000080027810        0x0 lib_generic/libgeneric.a(vsprintf.o)
 .bss           0x0000000080027810       0x10 lib_generic/libgeneric.a(LzmaWrapper.o)
 .bss           0x0000000080027820        0x0 lib_generic/libgeneric.a(LzmaDecode.o)
 .bss           0x0000000080027820        0x0 lib_generic/libgeneric.a(ctype.o)
 .bss           0x0000000080027820        0x0 common/libcommon.a(exports.o)
 .bss           0x0000000080027820        0x0 board/ar7240/ap121/libap121.a(ap121.o)
 .bss           0x0000000080027820        0x0 cpu/mips/ar7240/libar7240.a(meminit.o)
 .bss           0x0000000080027820        0x0 cpu/mips/ar7240/libar7240.a(ag7240.o)
 .bss           0x0000000080027820        0x0 cpu/mips/ar7240/libar7240.a(hornet_ddr_init.o)
 .bss           0x0000000080027820       0x10 board/ar7240/ap121/libap121.a(ar7240_s26_phy.o)
 COMMON         0x0000000080027830       0x40 common/libcommon.a(cmd_bootm.o)
                0x0000000080027830                header
 COMMON         0x0000000080027870      0x100 common/libcommon.a(main.o)
                0x0000000080027870                console_buffer
 COMMON         0x0000000080027970      0x14c board/ar7240/ap121/libap121.a(ar7240_flash.o)
                0x0000000080027970                flash_info
 COMMON         0x0000000080027abc     0x6d00 net/libnet.a(net.o)
                0x0000000080027abc                NetRxPackets
                0x0000000080027afc                BootFile
                0x0000000080027b7c                NetArpWaitPacketBuf
                0x000000008002819c                PktBuf
                0x000000008002e7bc                uboot_end = .
Address of section .text set to 0x80010000
LOAD cpu/mips/start.o
START GROUP
LOAD lib_generic/libgeneric.a
LOAD common/libcommon.a
LOAD board/ar7240/ap121/libap121.a
LOAD cpu/mips/libmips.a
LOAD cpu/mips/ar7240/libar7240.a
LOAD lib_mips/libmips.a
LOAD drivers/libdrivers.a
LOAD net/libnet.a
LOAD rtc/librtc.a
LOAD post/libpost.a
LOAD post/cpu/libcpu.a
END GROUP
LOAD /home/project/svn/TL-MR3020_V1_GPL/build/gcc-4.3.3/build_mips/staging_dir/usr/bin/../lib/gcc/mips-linux-uclibc/4.3.3/libgcc.a
OUTPUT(u-boot elf32-tradbigmips)

.scommon        0x000000008002e7bc       0x60
 .scommon       0x000000008002e7bc       0x10 common/libcommon.a(cmd_mem.o)
                0x000000008002e7bc                dp_last_size
                0x000000008002e7c0                dp_last_addr
                0x000000008002e7c4                mm_last_size
                0x000000008002e7c8                mm_last_addr
 .scommon       0x000000008002e7cc        0x4 lib_mips/libmips.a(board.o)
                0x000000008002e7cc                monitor_flash_len
 .scommon       0x000000008002e7d0       0x40 net/libnet.a(net.o)
                0x000000008002e7d0                NetArpWaitTry
                0x000000008002e7d4                NetArpWaitPacketMAC
                0x000000008002e7d8                NetOurEther
                0x000000008002e7e0                NetOurIP
                0x000000008002e7e4                NetServerIP
                0x000000008002e7e8                NetArpWaitTxPacketSize
                0x000000008002e7ec                NetArpWaitReplyIP
                0x000000008002e7f0                NetArpWaitTxPacket
                0x000000008002e7f4                NetArpWaitPacketIP
                0x000000008002e7f8                NetState
                0x000000008002e7fc                NetIPID
                0x000000008002e800                NetRxPkt
                0x000000008002e804                NetRxPktLen
                0x000000008002e808                NetBootFileXferSize
                0x000000008002e80c                NetArpWaitTimerStart
 .scommon       0x000000008002e810        0x4 lib_generic/libgeneric.a(string.o)
                0x000000008002e810                ___strtok
 .scommon       0x000000008002e814        0x8 cpu/mips/ar7240/libar7240.a(ag7240.o)
                0x000000008002e814                ag7240_macs

.pdr            0x0000000000000000     0x1fe0
 .pdr           0x0000000000000000       0x40 cpu/mips/start.o
 .pdr           0x0000000000000040        0x0 common/libcommon.a(cmd_boot.o)
 .pdr           0x0000000000000040       0x60 common/libcommon.a(cmd_bootm.o)
 .pdr           0x00000000000000a0       0x40 common/libcommon.a(cmd_flash.o)
 .pdr           0x00000000000000e0      0x100 common/libcommon.a(cmd_mem.o)
 .pdr           0x00000000000001e0       0x20 common/libcommon.a(cmd_mii.o)
 .pdr           0x0000000000000200       0x20 common/libcommon.a(cmd_net.o)
 .pdr           0x0000000000000220       0xe0 common/libcommon.a(cmd_nvedit.o)
 .pdr           0x0000000000000300       0x60 common/libcommon.a(command.o)
 .pdr           0x0000000000000360      0x2a0 common/libcommon.a(console.o)
 .pdr           0x0000000000000600       0x60 common/libcommon.a(devices.o)
 .pdr           0x0000000000000660       0xa0 common/libcommon.a(env_common.o)
 .pdr           0x0000000000000700       0x60 common/libcommon.a(env_nowhere.o)
 .pdr           0x0000000000000760       0x80 common/libcommon.a(flash.o)
 .pdr           0x00000000000007e0      0x1c0 common/libcommon.a(lists.o)
 .pdr           0x00000000000009a0       0x80 common/libcommon.a(main.o)
 .pdr           0x0000000000000a20      0x180 common/libcommon.a(dlmalloc.o)
 .pdr           0x0000000000000ba0      0x120 board/ar7240/ap121/libap121.a(ar7240_flash.o)
 .pdr           0x0000000000000cc0       0x20 board/ar7240/ap121/libap121.a(flash.o)
 .pdr           0x0000000000000ce0       0x60 cpu/mips/libmips.a(cpu.o)
 .pdr           0x0000000000000d40       0x40 cpu/mips/libmips.a(interrupts.o)
 .pdr           0x0000000000000d80      0x120 cpu/mips/libmips.a(cache.o)
 .pdr           0x0000000000000ea0       0xe0 cpu/mips/ar7240/libar7240.a(hornet_serial.o)
 .pdr           0x0000000000000f80       0xc0 lib_mips/libmips.a(board.o)
 .pdr           0x0000000000001040       0xe0 lib_mips/libmips.a(time.o)
 .pdr           0x0000000000001120       0x40 lib_mips/libmips.a(mips_linux.o)
 .pdr           0x0000000000001160      0x320 net/libnet.a(net.o)
 .pdr           0x0000000000001480       0x80 net/libnet.a(tftp.o)
 .pdr           0x0000000000001500      0x1a0 net/libnet.a(eth.o)
 .pdr           0x00000000000016a0       0x60 rtc/librtc.a(date.o)
 .pdr           0x0000000000001700       0x20 lib_generic/libgeneric.a(crc32.o)
 .pdr           0x0000000000001720       0x40 lib_generic/libgeneric.a(display_options.o)
 .pdr           0x0000000000001760      0x260 lib_generic/libgeneric.a(string.o)
 .pdr           0x00000000000019c0       0xc0 lib_generic/libgeneric.a(vsprintf.o)
 .pdr           0x0000000000001a80       0x20 lib_generic/libgeneric.a(LzmaWrapper.o)
 .pdr           0x0000000000001aa0       0x40 lib_generic/libgeneric.a(LzmaDecode.o)
 .pdr           0x0000000000001ae0        0x0 lib_generic/libgeneric.a(ctype.o)
 .pdr           0x0000000000001ae0       0x60 common/libcommon.a(exports.o)
 .pdr           0x0000000000001b40      0x120 board/ar7240/ap121/libap121.a(ap121.o)
 .pdr           0x0000000000001c60       0x60 cpu/mips/ar7240/libar7240.a(meminit.o)
 .pdr           0x0000000000001cc0      0x140 cpu/mips/ar7240/libar7240.a(ag7240.o)
 .pdr           0x0000000000001e00       0x20 cpu/mips/ar7240/libar7240.a(hornet_ddr_init.o)
 .pdr           0x0000000000001e20      0x1c0 board/ar7240/ap121/libap121.a(ar7240_s26_phy.o)

.stab           0x0000000000000000     0xabb4
 .stab          0x0000000000000000     0x990c cpu/mips/start.o
 .stab          0x000000000000990c      0x6a8 cpu/mips/libmips.a(cache.o)
                                        0x6b4 (size before relaxing)
 .stab          0x0000000000009fb4      0xc00 cpu/mips/ar7240/libar7240.a(hornet_ddr_init.o)
                                        0xc0c (size before relaxing)

.stabstr        0x0000000000000000      0x1fc
 .stabstr       0x0000000000000000      0x1fc cpu/mips/start.o

.mdebug.abi32   0x0000000000000000        0x0
 .mdebug.abi32  0x0000000000000000        0x0 common/libcommon.a(cmd_boot.o)
 .mdebug.abi32  0x0000000000000000        0x0 common/libcommon.a(cmd_bootm.o)
 .mdebug.abi32  0x0000000000000000        0x0 common/libcommon.a(cmd_flash.o)
 .mdebug.abi32  0x0000000000000000        0x0 common/libcommon.a(cmd_mem.o)
 .mdebug.abi32  0x0000000000000000        0x0 common/libcommon.a(cmd_mii.o)
 .mdebug.abi32  0x0000000000000000        0x0 common/libcommon.a(cmd_net.o)
 .mdebug.abi32  0x0000000000000000        0x0 common/libcommon.a(cmd_nvedit.o)
 .mdebug.abi32  0x0000000000000000        0x0 common/libcommon.a(command.o)
 .mdebug.abi32  0x0000000000000000        0x0 common/libcommon.a(console.o)
 .mdebug.abi32  0x0000000000000000        0x0 common/libcommon.a(devices.o)
 .mdebug.abi32  0x0000000000000000        0x0 common/libcommon.a(env_common.o)
 .mdebug.abi32  0x0000000000000000        0x0 common/libcommon.a(env_nowhere.o)
 .mdebug.abi32  0x0000000000000000        0x0 common/libcommon.a(flash.o)
 .mdebug.abi32  0x0000000000000000        0x0 common/libcommon.a(lists.o)
 .mdebug.abi32  0x0000000000000000        0x0 common/libcommon.a(main.o)
 .mdebug.abi32  0x0000000000000000        0x0 common/libcommon.a(dlmalloc.o)
 .mdebug.abi32  0x0000000000000000        0x0 board/ar7240/ap121/libap121.a(ar7240_flash.o)
 .mdebug.abi32  0x0000000000000000        0x0 board/ar7240/ap121/libap121.a(flash.o)
 .mdebug.abi32  0x0000000000000000        0x0 cpu/mips/libmips.a(cpu.o)
 .mdebug.abi32  0x0000000000000000        0x0 cpu/mips/libmips.a(interrupts.o)
 .mdebug.abi32  0x0000000000000000        0x0 cpu/mips/ar7240/libar7240.a(hornet_serial.o)
 .mdebug.abi32  0x0000000000000000        0x0 lib_mips/libmips.a(board.o)
 .mdebug.abi32  0x0000000000000000        0x0 lib_mips/libmips.a(time.o)
 .mdebug.abi32  0x0000000000000000        0x0 lib_mips/libmips.a(mips_linux.o)
 .mdebug.abi32  0x0000000000000000        0x0 net/libnet.a(net.o)
 .mdebug.abi32  0x0000000000000000        0x0 net/libnet.a(tftp.o)
 .mdebug.abi32  0x0000000000000000        0x0 net/libnet.a(eth.o)
 .mdebug.abi32  0x0000000000000000        0x0 rtc/librtc.a(date.o)
 .mdebug.abi32  0x0000000000000000        0x0 lib_generic/libgeneric.a(crc32.o)
 .mdebug.abi32  0x0000000000000000        0x0 lib_generic/libgeneric.a(display_options.o)
 .mdebug.abi32  0x0000000000000000        0x0 lib_generic/libgeneric.a(string.o)
 .mdebug.abi32  0x0000000000000000        0x0 lib_generic/libgeneric.a(vsprintf.o)
 .mdebug.abi32  0x0000000000000000        0x0 lib_generic/libgeneric.a(LzmaWrapper.o)
 .mdebug.abi32  0x0000000000000000        0x0 lib_generic/libgeneric.a(LzmaDecode.o)
 .mdebug.abi32  0x0000000000000000        0x0 lib_generic/libgeneric.a(ctype.o)
 .mdebug.abi32  0x0000000000000000        0x0 common/libcommon.a(exports.o)
 .mdebug.abi32  0x0000000000000000        0x0 board/ar7240/ap121/libap121.a(ap121.o)
 .mdebug.abi32  0x0000000000000000        0x0 cpu/mips/ar7240/libar7240.a(meminit.o)
 .mdebug.abi32  0x0000000000000000        0x0 cpu/mips/ar7240/libar7240.a(ag7240.o)
 .mdebug.abi32  0x0000000000000000        0x0 board/ar7240/ap121/libap121.a(ar7240_s26_phy.o)

.debug_abbrev   0x0000000000000000     0x4709
 .debug_abbrev  0x0000000000000000       0xca common/libcommon.a(cmd_boot.o)
 .debug_abbrev  0x00000000000000ca      0x23d common/libcommon.a(cmd_bootm.o)
 .debug_abbrev  0x0000000000000307      0x1fa common/libcommon.a(cmd_flash.o)
 .debug_abbrev  0x0000000000000501      0x1e7 common/libcommon.a(cmd_mem.o)
 .debug_abbrev  0x00000000000006e8      0x124 common/libcommon.a(cmd_mii.o)
 .debug_abbrev  0x000000000000080c      0x1ee common/libcommon.a(cmd_net.o)
 .debug_abbrev  0x00000000000009fa      0x27e common/libcommon.a(cmd_nvedit.o)
 .debug_abbrev  0x0000000000000c78      0x1f6 common/libcommon.a(command.o)
 .debug_abbrev  0x0000000000000e6e      0x333 common/libcommon.a(console.o)
 .debug_abbrev  0x00000000000011a1      0x1bc common/libcommon.a(devices.o)
 .debug_abbrev  0x000000000000135d      0x16c common/libcommon.a(env_common.o)
 .debug_abbrev  0x00000000000014c9      0x147 common/libcommon.a(env_nowhere.o)
 .debug_abbrev  0x0000000000001610      0x190 common/libcommon.a(flash.o)
 .debug_abbrev  0x00000000000017a0      0x21a common/libcommon.a(lists.o)
 .debug_abbrev  0x00000000000019ba      0x2a4 common/libcommon.a(main.o)
 .debug_abbrev  0x0000000000001c5e      0x23f common/libcommon.a(dlmalloc.o)
 .debug_abbrev  0x0000000000001e9d      0x229 board/ar7240/ap121/libap121.a(ar7240_flash.o)
 .debug_abbrev  0x00000000000020c6       0xb1 board/ar7240/ap121/libap121.a(flash.o)
 .debug_abbrev  0x0000000000002177      0x12c cpu/mips/libmips.a(cpu.o)
 .debug_abbrev  0x00000000000022a3       0x65 cpu/mips/libmips.a(interrupts.o)
 .debug_abbrev  0x0000000000002308      0x1b0 cpu/mips/ar7240/libar7240.a(hornet_serial.o)
 .debug_abbrev  0x00000000000024b8      0x2b3 lib_mips/libmips.a(board.o)
 .debug_abbrev  0x000000000000276b      0x179 lib_mips/libmips.a(time.o)
 .debug_abbrev  0x00000000000028e4      0x23b lib_mips/libmips.a(mips_linux.o)
 .debug_abbrev  0x0000000000002b1f      0x3e2 net/libnet.a(net.o)
 .debug_abbrev  0x0000000000002f01      0x1f1 net/libnet.a(tftp.o)
 .debug_abbrev  0x00000000000030f2      0x300 net/libnet.a(eth.o)
 .debug_abbrev  0x00000000000033f2      0x130 rtc/librtc.a(date.o)
 .debug_abbrev  0x0000000000003522       0x9c lib_generic/libgeneric.a(crc32.o)
 .debug_abbrev  0x00000000000035be       0xcb lib_generic/libgeneric.a(display_options.o)
 .debug_abbrev  0x0000000000003689      0x261 lib_generic/libgeneric.a(string.o)
 .debug_abbrev  0x00000000000038ea      0x21a lib_generic/libgeneric.a(vsprintf.o)
 .debug_abbrev  0x0000000000003b04      0x1a7 lib_generic/libgeneric.a(LzmaWrapper.o)
 .debug_abbrev  0x0000000000003cab      0x139 lib_generic/libgeneric.a(LzmaDecode.o)
 .debug_abbrev  0x0000000000003de4       0x4b lib_generic/libgeneric.a(ctype.o)
 .debug_abbrev  0x0000000000003e2f      0x114 common/libcommon.a(exports.o)
 .debug_abbrev  0x0000000000003f43      0x198 board/ar7240/ap121/libap121.a(ap121.o)
 .debug_abbrev  0x00000000000040db      0x112 cpu/mips/ar7240/libar7240.a(meminit.o)
 .debug_abbrev  0x00000000000041ed      0x3a9 cpu/mips/ar7240/libar7240.a(ag7240.o)
 .debug_abbrev  0x0000000000004596      0x173 board/ar7240/ap121/libap121.a(ar7240_s26_phy.o)

.debug_info     0x0000000000000000     0xd9e4
 .debug_info    0x0000000000000000      0x299 common/libcommon.a(cmd_boot.o)
 .debug_info    0x0000000000000299      0x9d4 common/libcommon.a(cmd_bootm.o)
 .debug_info    0x0000000000000c6d      0x714 common/libcommon.a(cmd_flash.o)
 .debug_info    0x0000000000001381      0x77e common/libcommon.a(cmd_mem.o)
 .debug_info    0x0000000000001aff      0x278 common/libcommon.a(cmd_mii.o)
 .debug_info    0x0000000000001d77      0x459 common/libcommon.a(cmd_net.o)
 .debug_info    0x00000000000021d0      0xaf5 common/libcommon.a(cmd_nvedit.o)
 .debug_info    0x0000000000002cc5      0x46e common/libcommon.a(command.o)
 .debug_info    0x0000000000003133      0x992 common/libcommon.a(console.o)
 .debug_info    0x0000000000003ac5      0x503 common/libcommon.a(devices.o)
 .debug_info    0x0000000000003fc8      0x35e common/libcommon.a(env_common.o)
 .debug_info    0x0000000000004326      0x2c3 common/libcommon.a(env_nowhere.o)
 .debug_info    0x00000000000045e9      0x31b common/libcommon.a(flash.o)
 .debug_info    0x0000000000004904      0x556 common/libcommon.a(lists.o)
 .debug_info    0x0000000000004e5a      0x8a2 common/libcommon.a(main.o)
 .debug_info    0x00000000000056fc      0xc23 common/libcommon.a(dlmalloc.o)
 .debug_info    0x000000000000631f      0x680 board/ar7240/ap121/libap121.a(ar7240_flash.o)
 .debug_info    0x000000000000699f      0x157 board/ar7240/ap121/libap121.a(flash.o)
 .debug_info    0x0000000000006af6      0x23f cpu/mips/libmips.a(cpu.o)
 .debug_info    0x0000000000006d35       0xa8 cpu/mips/libmips.a(interrupts.o)
 .debug_info    0x0000000000006ddd      0x35a cpu/mips/ar7240/libar7240.a(hornet_serial.o)
 .debug_info    0x0000000000007137      0x663 lib_mips/libmips.a(board.o)
 .debug_info    0x000000000000779a      0x28e lib_mips/libmips.a(time.o)
 .debug_info    0x0000000000007a28      0x830 lib_mips/libmips.a(mips_linux.o)
 .debug_info    0x0000000000008258     0x14a2 net/libnet.a(net.o)
 .debug_info    0x00000000000096fa      0x50d net/libnet.a(tftp.o)
 .debug_info    0x0000000000009c07      0x7db net/libnet.a(eth.o)
 .debug_info    0x000000000000a3e2      0x264 rtc/librtc.a(date.o)
 .debug_info    0x000000000000a646      0x136 lib_generic/libgeneric.a(crc32.o)
 .debug_info    0x000000000000a77c      0x12a lib_generic/libgeneric.a(display_options.o)
 .debug_info    0x000000000000a8a6      0x7cb lib_generic/libgeneric.a(string.o)
 .debug_info    0x000000000000b071      0x47b lib_generic/libgeneric.a(vsprintf.o)
 .debug_info    0x000000000000b4ec      0x366 lib_generic/libgeneric.a(LzmaWrapper.o)
 .debug_info    0x000000000000b852      0x4f1 lib_generic/libgeneric.a(LzmaDecode.o)
 .debug_info    0x000000000000bd43       0x52 lib_generic/libgeneric.a(ctype.o)
 .debug_info    0x000000000000bd95      0x29f common/libcommon.a(exports.o)
 .debug_info    0x000000000000c034      0x305 board/ar7240/ap121/libap121.a(ap121.o)
 .debug_info    0x000000000000c339      0x1e8 cpu/mips/ar7240/libar7240.a(meminit.o)
 .debug_info    0x000000000000c521      0xdb3 cpu/mips/ar7240/libar7240.a(ag7240.o)
 .debug_info    0x000000000000d2d4      0x710 board/ar7240/ap121/libap121.a(ar7240_s26_phy.o)

.debug_line     0x0000000000000000     0x4b35
 .debug_line    0x0000000000000000       0xd3 common/libcommon.a(cmd_boot.o)
 .debug_line    0x00000000000000d3      0x22c common/libcommon.a(cmd_bootm.o)
 .debug_line    0x00000000000002ff      0x232 common/libcommon.a(cmd_flash.o)
 .debug_line    0x0000000000000531      0x245 common/libcommon.a(cmd_mem.o)
 .debug_line    0x0000000000000776      0x11c common/libcommon.a(cmd_mii.o)
 .debug_line    0x0000000000000892      0x1a0 common/libcommon.a(cmd_net.o)
 .debug_line    0x0000000000000a32      0x360 common/libcommon.a(cmd_nvedit.o)
 .debug_line    0x0000000000000d92      0x1c4 common/libcommon.a(command.o)
 .debug_line    0x0000000000000f56      0x320 common/libcommon.a(console.o)
 .debug_line    0x0000000000001276      0x181 common/libcommon.a(devices.o)
 .debug_line    0x00000000000013f7      0x130 common/libcommon.a(env_common.o)
 .debug_line    0x0000000000001527       0xff common/libcommon.a(env_nowhere.o)
 .debug_line    0x0000000000001626      0x163 common/libcommon.a(flash.o)
 .debug_line    0x0000000000001789      0x13a common/libcommon.a(lists.o)
 .debug_line    0x00000000000018c3      0x3b6 common/libcommon.a(main.o)
 .debug_line    0x0000000000001c79      0x366 common/libcommon.a(dlmalloc.o)
 .debug_line    0x0000000000001fdf      0x252 board/ar7240/ap121/libap121.a(ar7240_flash.o)
 .debug_line    0x0000000000002231       0xec board/ar7240/ap121/libap121.a(flash.o)
 .debug_line    0x000000000000231d      0x12f cpu/mips/libmips.a(cpu.o)
 .debug_line    0x000000000000244c       0x3f cpu/mips/libmips.a(interrupts.o)
 .debug_line    0x000000000000248b      0x106 cpu/mips/ar7240/libar7240.a(hornet_serial.o)
 .debug_line    0x0000000000002591      0x253 lib_mips/libmips.a(board.o)
 .debug_line    0x00000000000027e4      0x104 lib_mips/libmips.a(time.o)
 .debug_line    0x00000000000028e8      0x2a6 lib_mips/libmips.a(mips_linux.o)
 .debug_line    0x0000000000002b8e      0x509 net/libnet.a(net.o)
 .debug_line    0x0000000000003097      0x2a5 net/libnet.a(tftp.o)
 .debug_line    0x000000000000333c      0x1ff net/libnet.a(eth.o)
 .debug_line    0x000000000000353b       0xc0 rtc/librtc.a(date.o)
 .debug_line    0x00000000000035fb       0xe9 lib_generic/libgeneric.a(crc32.o)
 .debug_line    0x00000000000036e4       0xae lib_generic/libgeneric.a(display_options.o)
 .debug_line    0x0000000000003792      0x1e2 lib_generic/libgeneric.a(string.o)
 .debug_line    0x0000000000003974      0x23f lib_generic/libgeneric.a(vsprintf.o)
 .debug_line    0x0000000000003bb3      0x171 lib_generic/libgeneric.a(LzmaWrapper.o)
 .debug_line    0x0000000000003d24      0x1ee lib_generic/libgeneric.a(LzmaDecode.o)
 .debug_line    0x0000000000003f12       0x28 lib_generic/libgeneric.a(ctype.o)
 .debug_line    0x0000000000003f3a      0x109 common/libcommon.a(exports.o)
 .debug_line    0x0000000000004043      0x155 board/ar7240/ap121/libap121.a(ap121.o)
 .debug_line    0x0000000000004198      0x128 cpu/mips/ar7240/libar7240.a(meminit.o)
 .debug_line    0x00000000000042c0      0x573 cpu/mips/ar7240/libar7240.a(ag7240.o)
 .debug_line    0x0000000000004833      0x302 board/ar7240/ap121/libap121.a(ar7240_s26_phy.o)

.debug_pubnames
                0x0000000000000000     0x170c
 .debug_pubnames
                0x0000000000000000       0x30 common/libcommon.a(cmd_boot.o)
 .debug_pubnames
                0x0000000000000030       0x8f common/libcommon.a(cmd_bootm.o)
 .debug_pubnames
                0x00000000000000bf       0x4d common/libcommon.a(cmd_flash.o)
 .debug_pubnames
                0x000000000000010c      0x151 common/libcommon.a(cmd_mem.o)
 .debug_pubnames
                0x000000000000025d       0x36 common/libcommon.a(cmd_mii.o)
 .debug_pubnames
                0x0000000000000293       0x39 common/libcommon.a(cmd_net.o)
 .debug_pubnames
                0x00000000000002cc       0x9b common/libcommon.a(cmd_nvedit.o)
 .debug_pubnames
                0x0000000000000367       0x88 common/libcommon.a(command.o)
 .debug_pubnames
                0x00000000000003ef      0x115 common/libcommon.a(console.o)
 .debug_pubnames
                0x0000000000000504       0x7d common/libcommon.a(devices.o)
 .debug_pubnames
                0x0000000000000581       0x8f common/libcommon.a(env_common.o)
 .debug_pubnames
                0x0000000000000610       0x5e common/libcommon.a(env_nowhere.o)
 .debug_pubnames
                0x000000000000066e       0x53 common/libcommon.a(flash.o)
 .debug_pubnames
                0x00000000000006c1      0x116 common/libcommon.a(lists.o)
 .debug_pubnames
                0x00000000000007d7       0x50 common/libcommon.a(main.o)
 .debug_pubnames
                0x0000000000000827       0xba common/libcommon.a(dlmalloc.o)
 .debug_pubnames
                0x00000000000008e1       0xe4 board/ar7240/ap121/libap121.a(ar7240_flash.o)
 .debug_pubnames
                0x00000000000009c5       0x25 board/ar7240/ap121/libap121.a(flash.o)
 .debug_pubnames
                0x00000000000009ea       0x41 cpu/mips/libmips.a(cpu.o)
 .debug_pubnames
                0x0000000000000a2b       0x3f cpu/mips/libmips.a(interrupts.o)
 .debug_pubnames
                0x0000000000000a6a       0x8d cpu/mips/ar7240/libar7240.a(hornet_serial.o)
 .debug_pubnames
                0x0000000000000af7       0x88 lib_mips/libmips.a(board.o)
 .debug_pubnames
                0x0000000000000b7f       0x74 lib_mips/libmips.a(time.o)
 .debug_pubnames
                0x0000000000000bf3       0x2c lib_mips/libmips.a(mips_linux.o)
 .debug_pubnames
                0x0000000000000c1f      0x3fd net/libnet.a(net.o)
 .debug_pubnames
                0x000000000000101c       0x33 net/libnet.a(tftp.o)
 .debug_pubnames
                0x000000000000104f       0xf4 net/libnet.a(eth.o)
 .debug_pubnames
                0x0000000000001143       0x38 rtc/librtc.a(date.o)
 .debug_pubnames
                0x000000000000117b       0x1c lib_generic/libgeneric.a(crc32.o)
 .debug_pubnames
                0x0000000000001197       0x35 lib_generic/libgeneric.a(display_options.o)
 .debug_pubnames
                0x00000000000011cc       0xf9 lib_generic/libgeneric.a(string.o)
 .debug_pubnames
                0x00000000000012c5       0x5a lib_generic/libgeneric.a(vsprintf.o)
 .debug_pubnames
                0x000000000000131f       0x23 lib_generic/libgeneric.a(LzmaWrapper.o)
 .debug_pubnames
                0x0000000000001342       0x3a lib_generic/libgeneric.a(LzmaDecode.o)
 .debug_pubnames
                0x000000000000137c       0x1d lib_generic/libgeneric.a(ctype.o)
 .debug_pubnames
                0x0000000000001399       0x3c common/libcommon.a(exports.o)
 .debug_pubnames
                0x00000000000013d5       0xd7 board/ar7240/ap121/libap121.a(ap121.o)
 .debug_pubnames
                0x00000000000014ac       0x81 cpu/mips/ar7240/libar7240.a(meminit.o)
 .debug_pubnames
                0x000000000000152d       0x99 cpu/mips/ar7240/libar7240.a(ag7240.o)
 .debug_pubnames
                0x00000000000015c6      0x146 board/ar7240/ap121/libap121.a(ar7240_s26_phy.o)

.debug_str      0x0000000000000000     0x2e0e
 .debug_str     0x0000000000000000      0x1bf common/libcommon.a(cmd_boot.o)
                                        0x20b (size before relaxing)
 .debug_str     0x00000000000001bf      0x34b common/libcommon.a(cmd_bootm.o)
                                        0x5a9 (size before relaxing)
 .debug_str     0x000000000000050a      0x14f common/libcommon.a(cmd_flash.o)
                                        0x29e (size before relaxing)
 .debug_str     0x0000000000000659      0x177 common/libcommon.a(cmd_mem.o)
                                        0x2d9 (size before relaxing)
 .debug_str     0x00000000000007d0       0x37 common/libcommon.a(cmd_mii.o)
                                        0x1ab (size before relaxing)
 .debug_str     0x0000000000000807      0x10d common/libcommon.a(cmd_net.o)
                                        0x25f (size before relaxing)
 .debug_str     0x0000000000000914       0xb4 common/libcommon.a(cmd_nvedit.o)
                                        0x327 (size before relaxing)
 .debug_str     0x00000000000009c8       0xc8 common/libcommon.a(command.o)
                                        0x22c (size before relaxing)
 .debug_str     0x0000000000000a90      0x248 common/libcommon.a(console.o)
                                        0x471 (size before relaxing)
 .debug_str     0x0000000000000cd8       0x5d common/libcommon.a(devices.o)
                                        0x2e9 (size before relaxing)
 .debug_str     0x0000000000000d35       0x8c common/libcommon.a(env_common.o)
                                        0x260 (size before relaxing)
 .debug_str     0x0000000000000dc1       0x3b common/libcommon.a(env_nowhere.o)
                                        0x232 (size before relaxing)
 .debug_str     0x0000000000000dfc       0x52 common/libcommon.a(flash.o)
                                        0x19d (size before relaxing)
 .debug_str     0x0000000000000e4e      0x1dc common/libcommon.a(lists.o)
                                        0x328 (size before relaxing)
 .debug_str     0x000000000000102a      0x1e8 common/libcommon.a(main.o)
                                        0x3d8 (size before relaxing)
 .debug_str     0x0000000000001212      0x2b2 common/libcommon.a(dlmalloc.o)
                                        0x4cf (size before relaxing)
 .debug_str     0x00000000000014c4      0x1ac board/ar7240/ap121/libap121.a(ar7240_flash.o)
                                        0x2d2 (size before relaxing)
 .debug_str     0x0000000000001670        0xf board/ar7240/ap121/libap121.a(flash.o)
                                        0x14b (size before relaxing)
 .debug_str     0x000000000000167f       0x71 cpu/mips/libmips.a(cpu.o)
                                        0x17a (size before relaxing)
 .debug_str     0x00000000000016f0       0x32 cpu/mips/libmips.a(interrupts.o)
                                        0x108 (size before relaxing)
 .debug_str     0x0000000000001722      0x173 cpu/mips/ar7240/libar7240.a(hornet_serial.o)
                                        0x20a (size before relaxing)
 .debug_str     0x0000000000001895      0x179 lib_mips/libmips.a(board.o)
                                        0x397 (size before relaxing)
 .debug_str     0x0000000000001a0e       0x66 lib_mips/libmips.a(time.o)
                                        0x16e (size before relaxing)
 .debug_str     0x0000000000001a74       0xeb lib_mips/libmips.a(mips_linux.o)
                                        0x3f6 (size before relaxing)
 .debug_str     0x0000000000001b5f      0x515 net/libnet.a(net.o)
                                        0x7fe (size before relaxing)
 .debug_str     0x0000000000002074       0xde net/libnet.a(tftp.o)
                                        0x2a7 (size before relaxing)
 .debug_str     0x0000000000002152      0x17e net/libnet.a(eth.o)
                                        0x34a (size before relaxing)
 .debug_str     0x00000000000022d0       0x86 rtc/librtc.a(date.o)
                                        0x177 (size before relaxing)
 .debug_str     0x0000000000002356       0x71 lib_generic/libgeneric.a(crc32.o)
                                        0x114 (size before relaxing)
 .debug_str     0x00000000000023c7       0x2d lib_generic/libgeneric.a(display_options.o)
                                        0x120 (size before relaxing)
 .debug_str     0x00000000000023f4       0xb8 lib_generic/libgeneric.a(string.o)
                                        0x1db (size before relaxing)
 .debug_str     0x00000000000024ac       0x80 lib_generic/libgeneric.a(vsprintf.o)
                                        0x1c8 (size before relaxing)
 .debug_str     0x000000000000252c      0x110 lib_generic/libgeneric.a(LzmaWrapper.o)
                                        0x258 (size before relaxing)
 .debug_str     0x000000000000263c      0x139 lib_generic/libgeneric.a(LzmaDecode.o)
                                        0x254 (size before relaxing)
 .debug_str     0x0000000000002775        0x8 lib_generic/libgeneric.a(ctype.o)
                                         0x6d (size before relaxing)
 .debug_str     0x000000000000277d       0x1f common/libcommon.a(exports.o)
                                        0x27e (size before relaxing)
 .debug_str     0x000000000000279c       0xea board/ar7240/ap121/libap121.a(ap121.o)
                                        0x204 (size before relaxing)
 .debug_str     0x0000000000002886       0xba cpu/mips/ar7240/libar7240.a(meminit.o)
                                        0x1bb (size before relaxing)
 .debug_str     0x0000000000002940      0x24c cpu/mips/ar7240/libar7240.a(ag7240.o)
                                        0x4ba (size before relaxing)
 .debug_str     0x0000000000002b8c      0x282 board/ar7240/ap121/libap121.a(ar7240_s26_phy.o)
                                        0x3b2 (size before relaxing)

.comment        0x0000000000000000      0x2d0
 .comment       0x0000000000000000       0x12 common/libcommon.a(cmd_boot.o)
 .comment       0x0000000000000012       0x12 common/libcommon.a(cmd_bootm.o)
 .comment       0x0000000000000024       0x12 common/libcommon.a(cmd_flash.o)
 .comment       0x0000000000000036       0x12 common/libcommon.a(cmd_mem.o)
 .comment       0x0000000000000048       0x12 common/libcommon.a(cmd_mii.o)
 .comment       0x000000000000005a       0x12 common/libcommon.a(cmd_net.o)
 .comment       0x000000000000006c       0x12 common/libcommon.a(cmd_nvedit.o)
 .comment       0x000000000000007e       0x12 common/libcommon.a(command.o)
 .comment       0x0000000000000090       0x12 common/libcommon.a(console.o)
 .comment       0x00000000000000a2       0x12 common/libcommon.a(devices.o)
 .comment       0x00000000000000b4       0x12 common/libcommon.a(env_common.o)
 .comment       0x00000000000000c6       0x12 common/libcommon.a(env_nowhere.o)
 .comment       0x00000000000000d8       0x12 common/libcommon.a(flash.o)
 .comment       0x00000000000000ea       0x12 common/libcommon.a(lists.o)
 .comment       0x00000000000000fc       0x12 common/libcommon.a(main.o)
 .comment       0x000000000000010e       0x12 common/libcommon.a(dlmalloc.o)
 .comment       0x0000000000000120       0x12 board/ar7240/ap121/libap121.a(ar7240_flash.o)
 .comment       0x0000000000000132       0x12 board/ar7240/ap121/libap121.a(flash.o)
 .comment       0x0000000000000144       0x12 cpu/mips/libmips.a(cpu.o)
 .comment       0x0000000000000156       0x12 cpu/mips/libmips.a(interrupts.o)
 .comment       0x0000000000000168       0x12 cpu/mips/ar7240/libar7240.a(hornet_serial.o)
 .comment       0x000000000000017a       0x12 lib_mips/libmips.a(board.o)
 .comment       0x000000000000018c       0x12 lib_mips/libmips.a(time.o)
 .comment       0x000000000000019e       0x12 lib_mips/libmips.a(mips_linux.o)
 .comment       0x00000000000001b0       0x12 net/libnet.a(net.o)
 .comment       0x00000000000001c2       0x12 net/libnet.a(tftp.o)
 .comment       0x00000000000001d4       0x12 net/libnet.a(eth.o)
 .comment       0x00000000000001e6       0x12 rtc/librtc.a(date.o)
 .comment       0x00000000000001f8       0x12 lib_generic/libgeneric.a(crc32.o)
 .comment       0x000000000000020a       0x12 lib_generic/libgeneric.a(display_options.o)
 .comment       0x000000000000021c       0x12 lib_generic/libgeneric.a(string.o)
 .comment       0x000000000000022e       0x12 lib_generic/libgeneric.a(vsprintf.o)
 .comment       0x0000000000000240       0x12 lib_generic/libgeneric.a(LzmaWrapper.o)
 .comment       0x0000000000000252       0x12 lib_generic/libgeneric.a(LzmaDecode.o)
 .comment       0x0000000000000264       0x12 lib_generic/libgeneric.a(ctype.o)
 .comment       0x0000000000000276       0x12 common/libcommon.a(exports.o)
 .comment       0x0000000000000288       0x12 board/ar7240/ap121/libap121.a(ap121.o)
 .comment       0x000000000000029a       0x12 cpu/mips/ar7240/libar7240.a(meminit.o)
 .comment       0x00000000000002ac       0x12 cpu/mips/ar7240/libar7240.a(ag7240.o)
 .comment       0x00000000000002be       0x12 board/ar7240/ap121/libap121.a(ar7240_s26_phy.o)

.gnu.attributes
                0x0000000000000000       0x10
 .gnu.attributes
                0x0000000000000000       0x10 common/libcommon.a(cmd_boot.o)
 .gnu.attributes
                0x0000000000000010       0x10 common/libcommon.a(cmd_bootm.o)
 .gnu.attributes
                0x0000000000000020       0x10 common/libcommon.a(cmd_flash.o)
 .gnu.attributes
                0x0000000000000030       0x10 common/libcommon.a(cmd_mem.o)
 .gnu.attributes
                0x0000000000000040       0x10 common/libcommon.a(cmd_mii.o)
 .gnu.attributes
                0x0000000000000050       0x10 common/libcommon.a(cmd_net.o)
 .gnu.attributes
                0x0000000000000060       0x10 common/libcommon.a(cmd_nvedit.o)
 .gnu.attributes
                0x0000000000000070       0x10 common/libcommon.a(command.o)
 .gnu.attributes
                0x0000000000000080       0x10 common/libcommon.a(console.o)
 .gnu.attributes
                0x0000000000000090       0x10 common/libcommon.a(devices.o)
 .gnu.attributes
                0x00000000000000a0       0x10 common/libcommon.a(env_common.o)
 .gnu.attributes
                0x00000000000000b0       0x10 common/libcommon.a(env_nowhere.o)
 .gnu.attributes
                0x00000000000000c0       0x10 common/libcommon.a(flash.o)
 .gnu.attributes
                0x00000000000000d0       0x10 common/libcommon.a(lists.o)
 .gnu.attributes
                0x00000000000000e0       0x10 common/libcommon.a(main.o)
 .gnu.attributes
                0x00000000000000f0       0x10 common/libcommon.a(dlmalloc.o)
 .gnu.attributes
                0x0000000000000100       0x10 board/ar7240/ap121/libap121.a(ar7240_flash.o)
 .gnu.attributes
                0x0000000000000110       0x10 board/ar7240/ap121/libap121.a(flash.o)
 .gnu.attributes
                0x0000000000000120       0x10 cpu/mips/libmips.a(cpu.o)
 .gnu.attributes
                0x0000000000000130       0x10 cpu/mips/libmips.a(interrupts.o)
 .gnu.attributes
                0x0000000000000140       0x10 cpu/mips/ar7240/libar7240.a(hornet_serial.o)
 .gnu.attributes
                0x0000000000000150       0x10 lib_mips/libmips.a(board.o)
 .gnu.attributes
                0x0000000000000160       0x10 lib_mips/libmips.a(time.o)
 .gnu.attributes
                0x0000000000000170       0x10 lib_mips/libmips.a(mips_linux.o)
 .gnu.attributes
                0x0000000000000180       0x10 net/libnet.a(net.o)
 .gnu.attributes
                0x0000000000000190       0x10 net/libnet.a(tftp.o)
 .gnu.attributes
                0x00000000000001a0       0x10 net/libnet.a(eth.o)
 .gnu.attributes
                0x00000000000001b0       0x10 rtc/librtc.a(date.o)
 .gnu.attributes
                0x00000000000001c0       0x10 lib_generic/libgeneric.a(crc32.o)
 .gnu.attributes
                0x00000000000001d0       0x10 lib_generic/libgeneric.a(display_options.o)
 .gnu.attributes
                0x00000000000001e0       0x10 lib_generic/libgeneric.a(string.o)
 .gnu.attributes
                0x00000000000001f0       0x10 lib_generic/libgeneric.a(vsprintf.o)
 .gnu.attributes
                0x0000000000000200       0x10 lib_generic/libgeneric.a(LzmaWrapper.o)
 .gnu.attributes
                0x0000000000000210       0x10 lib_generic/libgeneric.a(LzmaDecode.o)
 .gnu.attributes
                0x0000000000000220       0x10 lib_generic/libgeneric.a(ctype.o)
 .gnu.attributes
                0x0000000000000230       0x10 common/libcommon.a(exports.o)
 .gnu.attributes
                0x0000000000000240       0x10 board/ar7240/ap121/libap121.a(ap121.o)
 .gnu.attributes
                0x0000000000000250       0x10 cpu/mips/ar7240/libar7240.a(meminit.o)
 .gnu.attributes
                0x0000000000000260       0x10 cpu/mips/ar7240/libar7240.a(ag7240.o)
 .gnu.attributes
                0x0000000000000270       0x10 board/ar7240/ap121/libap121.a(ar7240_s26_phy.o)

.debug_frame    0x0000000000000000     0x1930
 .debug_frame   0x0000000000000000       0x74 common/libcommon.a(cmd_bootm.o)
 .debug_frame   0x0000000000000074       0x4c common/libcommon.a(cmd_flash.o)
 .debug_frame   0x00000000000000c0      0x114 common/libcommon.a(cmd_mem.o)
 .debug_frame   0x00000000000001d4       0x30 common/libcommon.a(cmd_mii.o)
 .debug_frame   0x0000000000000204       0x30 common/libcommon.a(cmd_net.o)
 .debug_frame   0x0000000000000234      0x100 common/libcommon.a(cmd_nvedit.o)
 .debug_frame   0x0000000000000334       0x74 common/libcommon.a(command.o)
 .debug_frame   0x00000000000003a8      0x1c4 common/libcommon.a(console.o)
 .debug_frame   0x000000000000056c       0x58 common/libcommon.a(devices.o)
 .debug_frame   0x00000000000005c4       0x70 common/libcommon.a(env_common.o)
 .debug_frame   0x0000000000000634       0x40 common/libcommon.a(env_nowhere.o)
 .debug_frame   0x0000000000000674       0x64 common/libcommon.a(flash.o)
 .debug_frame   0x00000000000006d8      0x12c common/libcommon.a(lists.o)
 .debug_frame   0x0000000000000804       0xb4 common/libcommon.a(main.o)
 .debug_frame   0x00000000000008b8      0x124 common/libcommon.a(dlmalloc.o)
 .debug_frame   0x00000000000009dc       0xe4 board/ar7240/ap121/libap121.a(ar7240_flash.o)
 .debug_frame   0x0000000000000ac0       0x28 board/ar7240/ap121/libap121.a(flash.o)
 .debug_frame   0x0000000000000ae8       0x40 cpu/mips/libmips.a(cpu.o)
 .debug_frame   0x0000000000000b28       0x30 cpu/mips/libmips.a(interrupts.o)
 .debug_frame   0x0000000000000b58       0x90 cpu/mips/ar7240/libar7240.a(hornet_serial.o)
 .debug_frame   0x0000000000000be8       0xac lib_mips/libmips.a(board.o)
 .debug_frame   0x0000000000000c94       0x88 lib_mips/libmips.a(time.o)
 .debug_frame   0x0000000000000d1c       0x58 lib_mips/libmips.a(mips_linux.o)
 .debug_frame   0x0000000000000d74      0x270 net/libnet.a(net.o)
 .debug_frame   0x0000000000000fe4       0x7c net/libnet.a(tftp.o)
 .debug_frame   0x0000000000001060      0x138 net/libnet.a(eth.o)
 .debug_frame   0x0000000000001198       0x48 rtc/librtc.a(date.o)
 .debug_frame   0x00000000000011e0       0x20 lib_generic/libgeneric.a(crc32.o)
 .debug_frame   0x0000000000001200       0x44 lib_generic/libgeneric.a(display_options.o)
 .debug_frame   0x0000000000001244      0x17c lib_generic/libgeneric.a(string.o)
 .debug_frame   0x00000000000013c0       0xa4 lib_generic/libgeneric.a(vsprintf.o)
 .debug_frame   0x0000000000001464       0x38 lib_generic/libgeneric.a(LzmaWrapper.o)
 .debug_frame   0x000000000000149c       0x50 lib_generic/libgeneric.a(LzmaDecode.o)
 .debug_frame   0x00000000000014ec       0x48 common/libcommon.a(exports.o)
 .debug_frame   0x0000000000001534       0xa8 board/ar7240/ap121/libap121.a(ap121.o)
 .debug_frame   0x00000000000015dc       0x50 cpu/mips/ar7240/libar7240.a(meminit.o)
 .debug_frame   0x000000000000162c      0x144 cpu/mips/ar7240/libar7240.a(ag7240.o)
 .debug_frame   0x0000000000001770      0x1c0 board/ar7240/ap121/libap121.a(ar7240_s26_phy.o)

.debug_loc      0x0000000000000000     0x9cf4
 .debug_loc     0x0000000000000000      0x3e8 common/libcommon.a(cmd_bootm.o)
 .debug_loc     0x00000000000003e8      0x76a common/libcommon.a(cmd_flash.o)
 .debug_loc     0x0000000000000b52      0x951 common/libcommon.a(cmd_mem.o)
 .debug_loc     0x00000000000014a3       0x8e common/libcommon.a(cmd_mii.o)
 .debug_loc     0x0000000000001531      0x199 common/libcommon.a(cmd_net.o)
 .debug_loc     0x00000000000016ca      0xdef common/libcommon.a(cmd_nvedit.o)
 .debug_loc     0x00000000000024b9      0x471 common/libcommon.a(command.o)
 .debug_loc     0x000000000000292a      0x4a1 common/libcommon.a(console.o)
 .debug_loc     0x0000000000002dcb       0xb5 common/libcommon.a(devices.o)
 .debug_loc     0x0000000000002e80       0x5c common/libcommon.a(env_common.o)
 .debug_loc     0x0000000000002edc       0x13 common/libcommon.a(env_nowhere.o)
 .debug_loc     0x0000000000002eef      0x318 common/libcommon.a(flash.o)
 .debug_loc     0x0000000000003207      0x3fc common/libcommon.a(lists.o)
 .debug_loc     0x0000000000003603      0xafc common/libcommon.a(main.o)
 .debug_loc     0x00000000000040ff     0x10d9 common/libcommon.a(dlmalloc.o)
 .debug_loc     0x00000000000051d8      0x2fa board/ar7240/ap121/libap121.a(ar7240_flash.o)
 .debug_loc     0x00000000000054d2       0x50 board/ar7240/ap121/libap121.a(flash.o)
 .debug_loc     0x0000000000005522       0x4c cpu/mips/libmips.a(cpu.o)
 .debug_loc     0x000000000000556e      0x19e cpu/mips/ar7240/libar7240.a(hornet_serial.o)
 .debug_loc     0x000000000000570c      0x205 lib_mips/libmips.a(board.o)
 .debug_loc     0x0000000000005911       0x6b lib_mips/libmips.a(time.o)
 .debug_loc     0x000000000000597c      0x461 lib_mips/libmips.a(mips_linux.o)
 .debug_loc     0x0000000000005ddd      0xb47 net/libnet.a(net.o)
 .debug_loc     0x0000000000006924      0x371 net/libnet.a(tftp.o)
 .debug_loc     0x0000000000006c95      0x6ac net/libnet.a(eth.o)
 .debug_loc     0x0000000000007341      0x169 rtc/librtc.a(date.o)
 .debug_loc     0x00000000000074aa       0xc8 lib_generic/libgeneric.a(crc32.o)
 .debug_loc     0x0000000000007572       0xbb lib_generic/libgeneric.a(display_options.o)
 .debug_loc     0x000000000000762d      0x407 lib_generic/libgeneric.a(string.o)
 .debug_loc     0x0000000000007a34      0x500 lib_generic/libgeneric.a(vsprintf.o)
 .debug_loc     0x0000000000007f34      0x23a lib_generic/libgeneric.a(LzmaWrapper.o)
 .debug_loc     0x000000000000816e      0xbe4 lib_generic/libgeneric.a(LzmaDecode.o)
 .debug_loc     0x0000000000008d52       0x1f common/libcommon.a(exports.o)
 .debug_loc     0x0000000000008d71       0xe3 board/ar7240/ap121/libap121.a(ap121.o)
 .debug_loc     0x0000000000008e54       0x50 cpu/mips/ar7240/libar7240.a(meminit.o)
 .debug_loc     0x0000000000008ea4      0x7c8 cpu/mips/ar7240/libar7240.a(ag7240.o)
 .debug_loc     0x000000000000966c      0x688 board/ar7240/ap121/libap121.a(ar7240_s26_phy.o)

.debug_aranges  0x0000000000000000      0x4c0
 .debug_aranges
                0x0000000000000000       0x20 common/libcommon.a(cmd_bootm.o)
 .debug_aranges
                0x0000000000000020       0x20 common/libcommon.a(cmd_flash.o)
 .debug_aranges
                0x0000000000000040       0x20 common/libcommon.a(cmd_mem.o)
 .debug_aranges
                0x0000000000000060       0x20 common/libcommon.a(cmd_mii.o)
 .debug_aranges
                0x0000000000000080       0x20 common/libcommon.a(cmd_net.o)
 .debug_aranges
                0x00000000000000a0       0x20 common/libcommon.a(cmd_nvedit.o)
 .debug_aranges
                0x00000000000000c0       0x20 common/libcommon.a(command.o)
 .debug_aranges
                0x00000000000000e0       0x20 common/libcommon.a(console.o)
 .debug_aranges
                0x0000000000000100       0x20 common/libcommon.a(devices.o)
 .debug_aranges
                0x0000000000000120       0x20 common/libcommon.a(env_common.o)
 .debug_aranges
                0x0000000000000140       0x20 common/libcommon.a(env_nowhere.o)
 .debug_aranges
                0x0000000000000160       0x20 common/libcommon.a(flash.o)
 .debug_aranges
                0x0000000000000180       0x20 common/libcommon.a(lists.o)
 .debug_aranges
                0x00000000000001a0       0x20 common/libcommon.a(main.o)
 .debug_aranges
                0x00000000000001c0       0x20 common/libcommon.a(dlmalloc.o)
 .debug_aranges
                0x00000000000001e0       0x20 board/ar7240/ap121/libap121.a(ar7240_flash.o)
 .debug_aranges
                0x0000000000000200       0x20 board/ar7240/ap121/libap121.a(flash.o)
 .debug_aranges
                0x0000000000000220       0x20 cpu/mips/libmips.a(cpu.o)
 .debug_aranges
                0x0000000000000240       0x20 cpu/mips/libmips.a(interrupts.o)
 .debug_aranges
                0x0000000000000260       0x20 cpu/mips/ar7240/libar7240.a(hornet_serial.o)
 .debug_aranges
                0x0000000000000280       0x20 lib_mips/libmips.a(board.o)
 .debug_aranges
                0x00000000000002a0       0x20 lib_mips/libmips.a(time.o)
 .debug_aranges
                0x00000000000002c0       0x20 lib_mips/libmips.a(mips_linux.o)
 .debug_aranges
                0x00000000000002e0       0x20 net/libnet.a(net.o)
 .debug_aranges
                0x0000000000000300       0x20 net/libnet.a(tftp.o)
 .debug_aranges
                0x0000000000000320       0x20 net/libnet.a(eth.o)
 .debug_aranges
                0x0000000000000340       0x20 rtc/librtc.a(date.o)
 .debug_aranges
                0x0000000000000360       0x20 lib_generic/libgeneric.a(crc32.o)
 .debug_aranges
                0x0000000000000380       0x20 lib_generic/libgeneric.a(display_options.o)
 .debug_aranges
                0x00000000000003a0       0x20 lib_generic/libgeneric.a(string.o)
 .debug_aranges
                0x00000000000003c0       0x20 lib_generic/libgeneric.a(vsprintf.o)
 .debug_aranges
                0x00000000000003e0       0x20 lib_generic/libgeneric.a(LzmaWrapper.o)
 .debug_aranges
                0x0000000000000400       0x20 lib_generic/libgeneric.a(LzmaDecode.o)
 .debug_aranges
                0x0000000000000420       0x20 common/libcommon.a(exports.o)
 .debug_aranges
                0x0000000000000440       0x20 board/ar7240/ap121/libap121.a(ap121.o)
 .debug_aranges
                0x0000000000000460       0x20 cpu/mips/ar7240/libar7240.a(meminit.o)
 .debug_aranges
                0x0000000000000480       0x20 cpu/mips/ar7240/libar7240.a(ag7240.o)
 .debug_aranges
                0x00000000000004a0       0x20 board/ar7240/ap121/libap121.a(ar7240_s26_phy.o)

.debug_ranges   0x0000000000000000      0xd80
 .debug_ranges  0x0000000000000000       0x40 common/libcommon.a(cmd_bootm.o)
 .debug_ranges  0x0000000000000040       0xf0 common/libcommon.a(cmd_flash.o)
 .debug_ranges  0x0000000000000130       0x20 common/libcommon.a(cmd_mem.o)
 .debug_ranges  0x0000000000000150       0x50 common/libcommon.a(cmd_net.o)
 .debug_ranges  0x00000000000001a0       0x68 common/libcommon.a(cmd_nvedit.o)
 .debug_ranges  0x0000000000000208       0x38 common/libcommon.a(command.o)
 .debug_ranges  0x0000000000000240       0x70 common/libcommon.a(console.o)
 .debug_ranges  0x00000000000002b0       0x20 common/libcommon.a(flash.o)
 .debug_ranges  0x00000000000002d0      0x1c0 common/libcommon.a(main.o)
 .debug_ranges  0x0000000000000490       0x70 common/libcommon.a(dlmalloc.o)
 .debug_ranges  0x0000000000000500      0x250 board/ar7240/ap121/libap121.a(ar7240_flash.o)
 .debug_ranges  0x0000000000000750       0x18 lib_mips/libmips.a(board.o)
 .debug_ranges  0x0000000000000768       0xe0 lib_mips/libmips.a(mips_linux.o)
 .debug_ranges  0x0000000000000848       0xd0 net/libnet.a(net.o)
 .debug_ranges  0x0000000000000918       0xc0 net/libnet.a(tftp.o)
 .debug_ranges  0x00000000000009d8       0x48 net/libnet.a(eth.o)
 .debug_ranges  0x0000000000000a20       0x18 lib_generic/libgeneric.a(string.o)
 .debug_ranges  0x0000000000000a38       0x20 lib_generic/libgeneric.a(vsprintf.o)
 .debug_ranges  0x0000000000000a58       0x98 lib_generic/libgeneric.a(LzmaWrapper.o)
 .debug_ranges  0x0000000000000af0      0x128 lib_generic/libgeneric.a(LzmaDecode.o)
 .debug_ranges  0x0000000000000c18      0x168 cpu/mips/ar7240/libar7240.a(ag7240.o)
